Archive member included to satisfy reference by file (symbol)

C:/ST/STM32CubeIDE_1.14.1/STM32CubeIDE/plugins/com.st.stm32cube.ide.mcu.externaltools.gnu-tools-for-stm32.11.3.rel1.win32_1.1.100.202309141235/tools/bin/../lib/gcc/arm-none-eabi/11.3.1/../../../../arm-none-eabi/lib/thumb/v7e-m+fp/hard\libc_nano.a(libc_a-exit.o)
                              C:/ST/STM32CubeIDE_1.14.1/STM32CubeIDE/plugins/com.st.stm32cube.ide.mcu.externaltools.gnu-tools-for-stm32.11.3.rel1.win32_1.1.100.202309141235/tools/bin/../lib/gcc/arm-none-eabi/11.3.1/../../../../arm-none-eabi/lib/thumb/v7e-m+fp/hard/crt0.o (exit)
C:/ST/STM32CubeIDE_1.14.1/STM32CubeIDE/plugins/com.st.stm32cube.ide.mcu.externaltools.gnu-tools-for-stm32.11.3.rel1.win32_1.1.100.202309141235/tools/bin/../lib/gcc/arm-none-eabi/11.3.1/../../../../arm-none-eabi/lib/thumb/v7e-m+fp/hard\libc_nano.a(libc_a-malloc.o)
                              ./Middlewares/ST/STM32_USB_Host_Library/Class/CDC/Src/usbh_cdc.o (malloc)
C:/ST/STM32CubeIDE_1.14.1/STM32CubeIDE/plugins/com.st.stm32cube.ide.mcu.externaltools.gnu-tools-for-stm32.11.3.rel1.win32_1.1.100.202309141235/tools/bin/../lib/gcc/arm-none-eabi/11.3.1/../../../../arm-none-eabi/lib/thumb/v7e-m+fp/hard\libc_nano.a(libc_a-mallocr.o)
                              C:/ST/STM32CubeIDE_1.14.1/STM32CubeIDE/plugins/com.st.stm32cube.ide.mcu.externaltools.gnu-tools-for-stm32.11.3.rel1.win32_1.1.100.202309141235/tools/bin/../lib/gcc/arm-none-eabi/11.3.1/../../../../arm-none-eabi/lib/thumb/v7e-m+fp/hard\libc_nano.a(libc_a-malloc.o) (_malloc_r)
C:/ST/STM32CubeIDE_1.14.1/STM32CubeIDE/plugins/com.st.stm32cube.ide.mcu.externaltools.gnu-tools-for-stm32.11.3.rel1.win32_1.1.100.202309141235/tools/bin/../lib/gcc/arm-none-eabi/11.3.1/../../../../arm-none-eabi/lib/thumb/v7e-m+fp/hard\libc_nano.a(libc_a-mlock.o)
                              C:/ST/STM32CubeIDE_1.14.1/STM32CubeIDE/plugins/com.st.stm32cube.ide.mcu.externaltools.gnu-tools-for-stm32.11.3.rel1.win32_1.1.100.202309141235/tools/bin/../lib/gcc/arm-none-eabi/11.3.1/../../../../arm-none-eabi/lib/thumb/v7e-m+fp/hard\libc_nano.a(libc_a-mallocr.o) (__malloc_lock)
C:/ST/STM32CubeIDE_1.14.1/STM32CubeIDE/plugins/com.st.stm32cube.ide.mcu.externaltools.gnu-tools-for-stm32.11.3.rel1.win32_1.1.100.202309141235/tools/bin/../lib/gcc/arm-none-eabi/11.3.1/../../../../arm-none-eabi/lib/thumb/v7e-m+fp/hard\libc_nano.a(libc_a-findfp.o)
                              C:/ST/STM32CubeIDE_1.14.1/STM32CubeIDE/plugins/com.st.stm32cube.ide.mcu.externaltools.gnu-tools-for-stm32.11.3.rel1.win32_1.1.100.202309141235/tools/bin/../lib/gcc/arm-none-eabi/11.3.1/../../../../arm-none-eabi/lib/thumb/v7e-m+fp/hard\libc_nano.a(libc_a-exit.o) (__stdio_exit_handler)
C:/ST/STM32CubeIDE_1.14.1/STM32CubeIDE/plugins/com.st.stm32cube.ide.mcu.externaltools.gnu-tools-for-stm32.11.3.rel1.win32_1.1.100.202309141235/tools/bin/../lib/gcc/arm-none-eabi/11.3.1/../../../../arm-none-eabi/lib/thumb/v7e-m+fp/hard\libc_nano.a(libc_a-fwalk.o)
                              C:/ST/STM32CubeIDE_1.14.1/STM32CubeIDE/plugins/com.st.stm32cube.ide.mcu.externaltools.gnu-tools-for-stm32.11.3.rel1.win32_1.1.100.202309141235/tools/bin/../lib/gcc/arm-none-eabi/11.3.1/../../../../arm-none-eabi/lib/thumb/v7e-m+fp/hard\libc_nano.a(libc_a-findfp.o) (_fwalk_sglue)
C:/ST/STM32CubeIDE_1.14.1/STM32CubeIDE/plugins/com.st.stm32cube.ide.mcu.externaltools.gnu-tools-for-stm32.11.3.rel1.win32_1.1.100.202309141235/tools/bin/../lib/gcc/arm-none-eabi/11.3.1/../../../../arm-none-eabi/lib/thumb/v7e-m+fp/hard\libc_nano.a(libc_a-printf.o)
                              ./Core/Src/main.o (printf)
C:/ST/STM32CubeIDE_1.14.1/STM32CubeIDE/plugins/com.st.stm32cube.ide.mcu.externaltools.gnu-tools-for-stm32.11.3.rel1.win32_1.1.100.202309141235/tools/bin/../lib/gcc/arm-none-eabi/11.3.1/../../../../arm-none-eabi/lib/thumb/v7e-m+fp/hard\libc_nano.a(libc_a-stdio.o)
                              C:/ST/STM32CubeIDE_1.14.1/STM32CubeIDE/plugins/com.st.stm32cube.ide.mcu.externaltools.gnu-tools-for-stm32.11.3.rel1.win32_1.1.100.202309141235/tools/bin/../lib/gcc/arm-none-eabi/11.3.1/../../../../arm-none-eabi/lib/thumb/v7e-m+fp/hard\libc_nano.a(libc_a-findfp.o) (__sread)
C:/ST/STM32CubeIDE_1.14.1/STM32CubeIDE/plugins/com.st.stm32cube.ide.mcu.externaltools.gnu-tools-for-stm32.11.3.rel1.win32_1.1.100.202309141235/tools/bin/../lib/gcc/arm-none-eabi/11.3.1/../../../../arm-none-eabi/lib/thumb/v7e-m+fp/hard\libc_nano.a(libc_a-memset.o)
                              C:/ST/STM32CubeIDE_1.14.1/STM32CubeIDE/plugins/com.st.stm32cube.ide.mcu.externaltools.gnu-tools-for-stm32.11.3.rel1.win32_1.1.100.202309141235/tools/bin/../lib/gcc/arm-none-eabi/11.3.1/../../../../arm-none-eabi/lib/thumb/v7e-m+fp/hard/crt0.o (memset)
C:/ST/STM32CubeIDE_1.14.1/STM32CubeIDE/plugins/com.st.stm32cube.ide.mcu.externaltools.gnu-tools-for-stm32.11.3.rel1.win32_1.1.100.202309141235/tools/bin/../lib/gcc/arm-none-eabi/11.3.1/../../../../arm-none-eabi/lib/thumb/v7e-m+fp/hard\libc_nano.a(libc_a-closer.o)
[...]
Memory Configuration

Name             Origin             Length             Attributes
RAM              0x0000000020000000 0x0000000000018000 xrw
RAM2             0x0000000010000000 0x0000000000008000 xrw
FLASH            0x0000000008000000 0x0000000000100000 xr
*default*        0x0000000000000000 0xffffffffffffffff

Linker script and memory map

LOAD C:/ST/STM32CubeIDE_1.14.1/STM32CubeIDE/plugins/com.st.stm32cube.ide.mcu.externaltools.gnu-tools-for-stm32.11.3.rel1.win32_1.1.100.202309141235/tools/bin/../lib/gcc/arm-none-eabi/11.3.1/thumb/v7e-m+fp/hard/crti.o
LOAD C:/ST/STM32CubeIDE_1.14.1/STM32CubeIDE/plugins/com.st.stm32cube.ide.mcu.externaltools.gnu-tools-for-stm32.11.3.rel1.win32_1.1.100.202309141235/tools/bin/../lib/gcc/arm-none-eabi/11.3.1/thumb/v7e-m+fp/hard/crtbegin.o
LOAD C:/ST/STM32CubeIDE_1.14.1/STM32CubeIDE/plugins/com.st.stm32cube.ide.mcu.externaltools.gnu-tools-for-stm32.11.3.rel1.win32_1.1.100.202309141235/tools/bin/../lib/gcc/arm-none-eabi/11.3.1/../../../../arm-none-eabi/lib/thumb/v7e-m+fp/hard/crt0.o
LOAD ./Core/Src/main.o
LOAD ./Core/Src/stm32l4xx_hal_msp.o
LOAD ./Core/Src/stm32l4xx_it.o
LOAD ./Core/Src/syscalls.o
LOAD ./Core/Src/sysmem.o
LOAD ./Core/Src/system_stm32l4xx.o
LOAD ./Core/Startup/startup_stm32l476vgtx.o
LOAD ./Drivers/BSP/Components/mfxstm32l152/mfxstm32l152.o
LOAD ./Drivers/BSP/Components/st7789h2/st7789h2.o
LOAD ./Drivers/BSP/STM32L476G-Discovery/stm32l476g_discovery.o
LOAD ./Drivers/BSP/STM32L476G-Discovery/stm32l476g_discovery_glass_lcd.o
LOAD ./Drivers/BSP/STM32L476G-Discovery/stm32l476g_discovery_idd.o
LOAD ./Drivers/STM32L4xx_HAL_Driver/Src/stm32l4xx_hal.o
LOAD ./Drivers/STM32L4xx_HAL_Driver/Src/stm32l4xx_hal_adc.o
LOAD ./Drivers/STM32L4xx_HAL_Driver/Src/stm32l4xx_hal_adc_ex.o
LOAD ./Drivers/STM32L4xx_HAL_Driver/Src/stm32l4xx_hal_cortex.o
LOAD ./Drivers/STM32L4xx_HAL_Driver/Src/stm32l4xx_hal_dma.o
LOAD ./Drivers/STM32L4xx_HAL_Driver/Src/stm32l4xx_hal_dma_ex.o
LOAD ./Drivers/STM32L4xx_HAL_Driver/Src/stm32l4xx_hal_exti.o
LOAD ./Drivers/STM32L4xx_HAL_Driver/Src/stm32l4xx_hal_flash.o
LOAD ./Drivers/STM32L4xx_HAL_Driver/Src/stm32l4xx_hal_flash_ex.o
LOAD ./Drivers/STM32L4xx_HAL_Driver/Src/stm32l4xx_hal_flash_ramfunc.o
LOAD ./Drivers/STM32L4xx_HAL_Driver/Src/stm32l4xx_hal_gpio.o
LOAD ./Drivers/STM32L4xx_HAL_Driver/Src/stm32l4xx_hal_hcd.o
LOAD ./Drivers/STM32L4xx_HAL_Driver/Src/stm32l4xx_hal_i2c.o
LOAD ./Drivers/STM32L4xx_HAL_Driver/Src/stm32l4xx_hal_i2c_ex.o
LOAD ./Drivers/STM32L4xx_HAL_Driver/Src/stm32l4xx_hal_lcd.o
LOAD ./Drivers/STM32L4xx_HAL_Driver/Src/stm32l4xx_hal_pwr.o
LOAD ./Drivers/STM32L4xx_HAL_Driver/Src/stm32l4xx_hal_pwr_ex.o
LOAD ./Drivers/STM32L4xx_HAL_Driver/Src/stm32l4xx_hal_qspi.o
LOAD ./Drivers/STM32L4xx_HAL_Driver/Src/stm32l4xx_hal_rcc.o
LOAD ./Drivers/STM32L4xx_HAL_Driver/Src/stm32l4xx_hal_rcc_ex.o
LOAD ./Drivers/STM32L4xx_HAL_Driver/Src/stm32l4xx_hal_sai.o
LOAD ./Drivers/STM32L4xx_HAL_Driver/Src/stm32l4xx_hal_sai_ex.o
LOAD ./Drivers/STM32L4xx_HAL_Driver/Src/stm32l4xx_hal_spi.o
LOAD ./Drivers/STM32L4xx_HAL_Driver/Src/stm32l4xx_hal_spi_ex.o
LOAD ./Drivers/STM32L4xx_HAL_Driver/Src/stm32l4xx_hal_tim.o
LOAD ./Drivers/STM32L4xx_HAL_Driver/Src/stm32l4xx_hal_tim_ex.o
LOAD ./Drivers/STM32L4xx_HAL_Driver/Src/stm32l4xx_hal_uart.o
LOAD ./Drivers/STM32L4xx_HAL_Driver/Src/stm32l4xx_hal_uart_ex.o
LOAD ./Drivers/STM32L4xx_HAL_Driver/Src/stm32l4xx_ll_usb.o
LOAD ./Middlewares/ST/STM32_USB_Host_Library/Class/CDC/Src/usbh_cdc.o
LOAD ./Middlewares/ST/STM32_USB_Host_Library/Core/Src/usbh_core.o
LOAD ./Middlewares/ST/STM32_USB_Host_Library/Core/Src/usbh_ctlreq.o
LOAD ./Middlewares/ST/STM32_USB_Host_Library/Core/Src/usbh_ioreq.o
LOAD ./Middlewares/ST/STM32_USB_Host_Library/Core/Src/usbh_pipes.o
LOAD ./USB_HOST/App/usb_host.o
LOAD ./USB_HOST/Target/usbh_conf.o
LOAD ./USB_HOST/Target/usbh_platform.o
START GROUP
LOAD C:/ST/STM32CubeIDE_1.14.1/STM32CubeIDE/plugins/com.st.stm32cube.ide.mcu.externaltools.gnu-tools-for-stm32.11.3.rel1.win32_1.1.100.202309141235/tools/bin/../lib/gcc/arm-none-eabi/11.3.1/../../../../arm-none-eabi/lib/thumb/v7e-m+fp/hard\libc_nano.a
LOAD C:/ST/STM32CubeIDE_1.14.1/STM32CubeIDE/plugins/com.st.stm32cube.ide.mcu.externaltools.gnu-tools-for-stm32.11.3.rel1.win32_1.1.100.202309141235/tools/bin/../lib/gcc/arm-none-eabi/11.3.1/../../../../arm-none-eabi/lib/thumb/v7e-m+fp/hard\libm.a
END GROUP
START GROUP
LOAD C:/ST/STM32CubeIDE_1.14.1/STM32CubeIDE/plugins/com.st.stm32cube.ide.mcu.externaltools.gnu-tools-for-stm32.11.3.rel1.win32_1.1.100.202309141235/tools/bin/../lib/gcc/arm-none-eabi/11.3.1/thumb/v7e-m+fp/hard\libgcc.a
LOAD C:/ST/STM32CubeIDE_1.14.1/STM32CubeIDE/plugins/com.st.stm32cube.ide.mcu.externaltools.gnu-tools-for-stm32.11.3.rel1.win32_1.1.100.202309141235/tools/bin/../lib/gcc/arm-none-eabi/11.3.1/../../../../arm-none-eabi/lib/thumb/v7e-m+fp/hard\libc_nano.a
END GROUP
START GROUP
LOAD C:/ST/STM32CubeIDE_1.14.1/STM32CubeIDE/plugins/com.st.stm32cube.ide.mcu.externaltools.gnu-tools-for-stm32.11.3.rel1.win32_1.1.100.202309141235/tools/bin/../lib/gcc/arm-none-eabi/11.3.1/thumb/v7e-m+fp/hard\libgcc.a
LOAD C:/ST/STM32CubeIDE_1.14.1/STM32CubeIDE/plugins/com.st.stm32cube.ide.mcu.externaltools.gnu-tools-for-stm32.11.3.rel1.win32_1.1.100.202309141235/tools/bin/../lib/gcc/arm-none-eabi/11.3.1/../../../../arm-none-eabi/lib/thumb/v7e-m+fp/hard\libc_nano.a
LOAD C:/ST/STM32CubeIDE_1.14.1/STM32CubeIDE/plugins/com.st.stm32cube.ide.mcu.externaltools.gnu-tools-for-stm32.11.3.rel1.win32_1.1.100.202309141235/tools/bin/../lib/gcc/arm-none-eabi/11.3.1/../../../../arm-none-eabi/lib/thumb/v7e-m+fp/hard\libnosys.a
END GROUP
START GROUP
LOAD C:/ST/STM32CubeIDE_1.14.1/STM32CubeIDE/plugins/com.st.stm32cube.ide.mcu.externaltools.gnu-tools-for-stm32.11.3.rel1.win32_1.1.100.202309141235/tools/bin/../lib/gcc/arm-none-eabi/11.3.1/thumb/v7e-m+fp/hard\libgcc.a
LOAD C:/ST/STM32CubeIDE_1.14.1/STM32CubeIDE/plugins/com.st.stm32cube.ide.mcu.externaltools.gnu-tools-for-stm32.11.3.rel1.win32_1.1.100.202309141235/tools/bin/../lib/gcc/arm-none-eabi/11.3.1/../../../../arm-none-eabi/lib/thumb/v7e-m+fp/hard\libc_nano.a
LOAD C:/ST/STM32CubeIDE_1.14.1/STM32CubeIDE/plugins/com.st.stm32cube.ide.mcu.externaltools.gnu-tools-for-stm32.11.3.rel1.win32_1.1.100.202309141235/tools/bin/../lib/gcc/arm-none-eabi/11.3.1/../../../../arm-none-eabi/lib/thumb/v7e-m+fp/hard\libnosys.a
END GROUP
LOAD C:/ST/STM32CubeIDE_1.14.1/STM32CubeIDE/plugins/com.st.stm32cube.ide.mcu.externaltools.gnu-tools-for-stm32.11.3.rel1.win32_1.1.100.202309141235/tools/bin/../lib/gcc/arm-none-eabi/11.3.1/thumb/v7e-m+fp/hard/crtend.o
LOAD C:/ST/STM32CubeIDE_1.14.1/STM32CubeIDE/plugins/com.st.stm32cube.ide.mcu.externaltools.gnu-tools-for-stm32.11.3.rel1.win32_1.1.100.202309141235/tools/bin/../lib/gcc/arm-none-eabi/11.3.1/thumb/v7e-m+fp/hard/crtn.o
                0x0000000020018000                _estack = (ORIGIN (RAM) + LENGTH (RAM))
                0x0000000000000200                _Min_Heap_Size = 0x200
                0x0000000000000400                _Min_Stack_Size = 0x400

.isr_vector     0x0000000008000000      0x188
                0x0000000008000000                . = ALIGN (0x4)
 *(.isr_vector)
 .isr_vector    0x0000000008000000      0x188 ./Core/Startup/startup_stm32l476vgtx.o
                0x0000000008000000                g_pfnVectors
                0x0000000008000188                . = ALIGN (0x4)

.text           0x0000000008000190     0xe054
                0x0000000008000190                . = ALIGN (0x4)
 *(.text)
 .text          0x0000000008000190       0x40 C:/ST/STM32CubeIDE_1.14.1/STM32CubeIDE/plugins/com.st.stm32cube.ide.mcu.externaltools.gnu-tools-for-stm32.11.3.rel1.win32_1.1.100.202309141235/tools/bin/../lib/gcc/arm-none-eabi/11.3.1/thumb/v7e-m+fp/hard/crtbegin.o
 .text          0x00000000080001d0       0xa0 C:/ST/STM32CubeIDE_1.14.1/STM32CubeIDE/plugins/com.st.stm32cube.ide.mcu.externaltools.gnu-tools-for-stm32.11.3.rel1.win32_1.1.100.202309141235/tools/bin/../lib/gcc/arm-none-eabi/11.3.1/../../../../arm-none-eabi/lib/thumb/v7e-m+fp/hard\libc_nano.a(libc_a-memchr.o)
                0x00000000080001d0                memchr
 .text          0x0000000008000270       0x30 C:/ST/STM32CubeIDE_1.14.1/STM32CubeIDE/plugins/com.st.stm32cube.ide.mcu.externaltools.gnu-tools-for-stm32.11.3.rel1.win32_1.1.100.202309141235/tools/bin/../lib/gcc/arm-none-eabi/11.3.1/thumb/v7e-m+fp/hard\libgcc.a(_aeabi_uldivmod.o)
                0x0000000008000270                __aeabi_uldivmod
 .text          0x00000000080002a0      0x2c8 C:/ST/STM32CubeIDE_1.14.1/STM32CubeIDE/plugins/com.st.stm32cube.ide.mcu.externaltools.gnu-tools-for-stm32.11.3.rel1.win32_1.1.100.202309141235/tools/bin/../lib/gcc/arm-none-eabi/11.3.1/thumb/v7e-m+fp/hard\libgcc.a(_udivmoddi4.o)
                0x00000000080002a0                __udivmoddi4
 .text          0x0000000008000568        0x4 C:/ST/STM32CubeIDE_1.14.1/STM32CubeIDE/plugins/com.st.stm32cube.ide.mcu.externaltools.gnu-tools-for-stm32.11.3.rel1.win32_1.1.100.202309141235/tools/bin/../lib/gcc/arm-none-eabi/11.3.1/thumb/v7e-m+fp/hard\libgcc.a(_dvmd_tls.o)
                0x0000000008000568                __aeabi_idiv0
                0x0000000008000568                __aeabi_ldiv0
 *(.text*)
 .text.main     0x000000000800056c       0xc4 ./Core/Src/main.o
                0x000000000800056c                main
 .text.SystemClock_Config
                0x0000000008000630       0xc8 ./Core/Src/main.o
                0x0000000008000630                SystemClock_Config
 .text.PeriphCommonClock_Config
                0x00000000080006f8       0x64 ./Core/Src/main.o
                0x00000000080006f8                PeriphCommonClock_Config
 .text.MX_ADC1_Init
                0x000000000800075c      0x134 ./Core/Src/main.o
 .text.MX_ADC3_Init
                0x0000000008000890       0xc8 ./Core/Src/main.o
 .text.MX_I2C1_Init
                0x0000000008000958       0x80 ./Core/Src/main.o
 .text.MX_I2C2_Init
                0x00000000080009d8       0x80 ./Core/Src/main.o
 .text.MX_LCD_Init
                0x0000000008000a58       0x70 ./Core/Src/main.o
 .text.MX_QUADSPI_Init
                0x0000000008000ac8       0x4c ./Core/Src/main.o
 .text.MX_SAI1_Init
                0x0000000008000b14      0x150 ./Core/Src/main.o
 .text.MX_SPI2_Init
                0x0000000008000c64       0x7c ./Core/Src/main.o
 .text.MX_USART2_UART_Init
                0x0000000008000ce0       0x60 ./Core/Src/main.o
 .text.MX_DMA_Init
                0x0000000008000d40       0x3c ./Core/Src/main.o
 .text.MX_GPIO_Init
                0x0000000008000d7c      0x27c ./Core/Src/main.o
 .text._write   0x0000000008000ff8       0x2c ./Core/Src/main.o
                0x0000000008000ff8                _write
 .text.Error_Handler
                0x0000000008001024        0xa ./Core/Src/main.o
                0x0000000008001024                Error_Handler
 *fill*         0x000000000800102e        0x2 
 .text.HAL_MspInit
                0x0000000008001030       0x48 ./Core/Src/stm32l4xx_hal_msp.o
                0x0000000008001030                HAL_MspInit
 .text.HAL_ADC_MspInit
                0x0000000008001078      0x13c ./Core/Src/stm32l4xx_hal_msp.o
                0x0000000008001078                HAL_ADC_MspInit
 .text.HAL_I2C_MspInit
                0x00000000080011b4      0x144 ./Core/Src/stm32l4xx_hal_msp.o
                0x00000000080011b4                HAL_I2C_MspInit
 .text.HAL_LCD_MspInit
                0x00000000080012f8      0x19c ./Core/Src/stm32l4xx_hal_msp.o
                0x00000000080012f8                HAL_LCD_MspInit
 .text.HAL_QSPI_MspInit
                0x0000000008001494       0x88 ./Core/Src/stm32l4xx_hal_msp.o
                0x0000000008001494                HAL_QSPI_MspInit
 .text.HAL_SPI_MspInit
                0x000000000800151c       0x88 ./Core/Src/stm32l4xx_hal_msp.o
                0x000000000800151c                HAL_SPI_MspInit
 .text.HAL_UART_MspInit
                0x00000000080015a4       0xbc ./Core/Src/stm32l4xx_hal_msp.o
                0x00000000080015a4                HAL_UART_MspInit
 .text.HAL_SAI_MspInit
                0x0000000008001660       0xf0 ./Core/Src/stm32l4xx_hal_msp.o
                0x0000000008001660                HAL_SAI_MspInit
 .text.NMI_Handler
                0x0000000008001750        0x6 ./Core/Src/stm32l4xx_it.o
                0x0000000008001750                NMI_Handler
 .text.HardFault_Handler
                0x0000000008001756        0x6 ./Core/Src/stm32l4xx_it.o
                0x0000000008001756                HardFault_Handler
 .text.MemManage_Handler
                0x000000000800175c        0x6 ./Core/Src/stm32l4xx_it.o
                0x000000000800175c                MemManage_Handler
 .text.BusFault_Handler
                0x0000000008001762        0x6 ./Core/Src/stm32l4xx_it.o
                0x0000000008001762                BusFault_Handler
 .text.UsageFault_Handler
                0x0000000008001768        0x6 ./Core/Src/stm32l4xx_it.o
                0x0000000008001768                UsageFault_Handler
 .text.SVC_Handler
                0x000000000800176e        0xe ./Core/Src/stm32l4xx_it.o
                0x000000000800176e                SVC_Handler
 .text.DebugMon_Handler
                0x000000000800177c        0xe ./Core/Src/stm32l4xx_it.o
                0x000000000800177c                DebugMon_Handler
 .text.PendSV_Handler
                0x000000000800178a        0xe ./Core/Src/stm32l4xx_it.o
                0x000000000800178a                PendSV_Handler
 .text.SysTick_Handler
                0x0000000008001798        0xc ./Core/Src/stm32l4xx_it.o
                0x0000000008001798                SysTick_Handler
 .text.DMA1_Channel1_IRQHandler
                0x00000000080017a4       0x14 ./Core/Src/stm32l4xx_it.o
                0x00000000080017a4                DMA1_Channel1_IRQHandler
 .text.ADC3_IRQHandler
                0x00000000080017b8       0x14 ./Core/Src/stm32l4xx_it.o
                0x00000000080017b8                ADC3_IRQHandler
 .text.OTG_FS_IRQHandler
                0x00000000080017cc       0x14 ./Core/Src/stm32l4xx_it.o
                0x00000000080017cc                OTG_FS_IRQHandler
 .text._read    0x00000000080017e0       0x3a ./Core/Src/syscalls.o
                0x00000000080017e0                _read
 .text._close   0x000000000800181a       0x18 ./Core/Src/syscalls.o
                0x000000000800181a                _close
 .text._fstat   0x0000000008001832       0x20 ./Core/Src/syscalls.o
                0x0000000008001832                _fstat
 .text._isatty  0x0000000008001852       0x16 ./Core/Src/syscalls.o
                0x0000000008001852                _isatty
 .text._lseek   0x0000000008001868       0x1a ./Core/Src/syscalls.o
                0x0000000008001868                _lseek
 *fill*         0x0000000008001882        0x2 
 .text._sbrk    0x0000000008001884       0x6c ./Core/Src/sysmem.o
                0x0000000008001884                _sbrk
 .text.SystemInit
                0x00000000080018f0       0x24 ./Core/Src/system_stm32l4xx.o
                0x00000000080018f0                SystemInit
 .text.Reset_Handler
                0x0000000008001914       0x50 ./Core/Startup/startup_stm32l476vgtx.o
                0x0000000008001914                Reset_Handler
 .text.Default_Handler
                0x0000000008001964        0x2 ./Core/Startup/startup_stm32l476vgtx.o
                0x0000000008001964                RTC_Alarm_IRQHandler
                0x0000000008001964                EXTI2_IRQHandler
                0x0000000008001964                TIM8_TRG_COM_IRQHandler
                0x0000000008001964                TIM8_CC_IRQHandler
                0x0000000008001964                TIM1_CC_IRQHandler
                0x0000000008001964                TSC_IRQHandler
                0x0000000008001964                TAMP_STAMP_IRQHandler
                0x0000000008001964                EXTI3_IRQHandler
                0x0000000008001964                LPTIM2_IRQHandler
                0x0000000008001964                DFSDM1_FLT1_IRQHandler
                0x0000000008001964                I2C3_ER_IRQHandler
                0x0000000008001964                DFSDM1_FLT2_IRQHandler
                0x0000000008001964                EXTI0_IRQHandler
                0x0000000008001964                I2C2_EV_IRQHandler
                0x0000000008001964                CAN1_RX0_IRQHandler
                0x0000000008001964                FPU_IRQHandler
                0x0000000008001964                TIM1_UP_TIM16_IRQHandler
                0x0000000008001964                ADC1_2_IRQHandler
                0x0000000008001964                SPI1_IRQHandler
                0x0000000008001964                TIM6_DAC_IRQHandler
                0x0000000008001964                TIM8_UP_IRQHandler
                0x0000000008001964                DMA2_Channel2_IRQHandler
                0x0000000008001964                DMA1_Channel4_IRQHandler
                0x0000000008001964                SAI2_IRQHandler
                0x0000000008001964                DFSDM1_FLT3_IRQHandler
                0x0000000008001964                USART3_IRQHandler
                0x0000000008001964                DMA1_Channel7_IRQHandler
                0x0000000008001964                CAN1_RX1_IRQHandler
                0x0000000008001964                LCD_IRQHandler
                0x0000000008001964                UART5_IRQHandler
                0x0000000008001964                TIM4_IRQHandler
                0x0000000008001964                DMA2_Channel1_IRQHandler
                0x0000000008001964                QUADSPI_IRQHandler
                0x0000000008001964                I2C1_EV_IRQHandler
                0x0000000008001964                DMA1_Channel6_IRQHandler
                0x0000000008001964                UART4_IRQHandler
                0x0000000008001964                DMA2_Channel4_IRQHandler
                0x0000000008001964                TIM3_IRQHandler
                0x0000000008001964                RCC_IRQHandler
                0x0000000008001964                Default_Handler
                0x0000000008001964                DMA2_Channel7_IRQHandler
                0x0000000008001964                EXTI15_10_IRQHandler
                0x0000000008001964                TIM7_IRQHandler
                0x0000000008001964                SDMMC1_IRQHandler
                0x0000000008001964                TIM5_IRQHandler
                0x0000000008001964                I2C3_EV_IRQHandler
                0x0000000008001964                EXTI9_5_IRQHandler
                0x0000000008001964                RTC_WKUP_IRQHandler
                0x0000000008001964                PVD_PVM_IRQHandler
                0x0000000008001964                SPI2_IRQHandler
                0x0000000008001964                CAN1_TX_IRQHandler
                0x0000000008001964                DMA2_Channel5_IRQHandler
                0x0000000008001964                DMA1_Channel5_IRQHandler
                0x0000000008001964                EXTI4_IRQHandler
                0x0000000008001964                RNG_IRQHandler
                0x0000000008001964                TIM1_TRG_COM_TIM17_IRQHandler
                0x0000000008001964                DMA1_Channel3_IRQHandler
                0x0000000008001964                COMP_IRQHandler
                0x0000000008001964                WWDG_IRQHandler
                0x0000000008001964                LPUART1_IRQHandler
                0x0000000008001964                DMA2_Channel6_IRQHandler
                0x0000000008001964                TIM2_IRQHandler
                0x0000000008001964                EXTI1_IRQHandler
                0x0000000008001964                USART2_IRQHandler
                0x0000000008001964                DFSDM1_FLT0_IRQHandler
                0x0000000008001964                I2C2_ER_IRQHandler
                0x0000000008001964                DMA1_Channel2_IRQHandler
                0x0000000008001964                TIM8_BRK_IRQHandler
                0x0000000008001964                CAN1_SCE_IRQHandler
                0x0000000008001964                FLASH_IRQHandler
                0x0000000008001964                USART1_IRQHandler
                0x0000000008001964                SPI3_IRQHandler
                0x0000000008001964                I2C1_ER_IRQHandler
                0x0000000008001964                FMC_IRQHandler
                0x0000000008001964                SWPMI1_IRQHandler
                0x0000000008001964                LPTIM1_IRQHandler
                0x0000000008001964                SAI1_IRQHandler
                0x0000000008001964                DMA2_Channel3_IRQHandler
                0x0000000008001964                TIM1_BRK_TIM15_IRQHandler
 *fill*         0x0000000008001966        0x2 
 .text.BSP_LCD_GLASS_Init
                0x0000000008001968       0x74 ./Drivers/BSP/STM32L476G-Discovery/stm32l476g_discovery_glass_lcd.o
                0x0000000008001968                BSP_LCD_GLASS_Init
 .text.BSP_LCD_GLASS_DisplayString
                0x00000000080019dc       0x48 ./Drivers/BSP/STM32L476G-Discovery/stm32l476g_discovery_glass_lcd.o
                0x00000000080019dc                BSP_LCD_GLASS_DisplayString
 .text.BSP_LCD_GLASS_Clear
                0x0000000008001a24       0x14 ./Drivers/BSP/STM32L476G-Discovery/stm32l476g_discovery_glass_lcd.o
                0x0000000008001a24                BSP_LCD_GLASS_Clear
 .text.LCD_MspInit
                0x0000000008001a38      0x18c ./Drivers/BSP/STM32L476G-Discovery/stm32l476g_discovery_glass_lcd.o
 .text.Convert  0x0000000008001bc4      0x2b4 ./Drivers/BSP/STM32L476G-Discovery/stm32l476g_discovery_glass_lcd.o
 .text.WriteChar
                0x0000000008001e78      0x700 ./Drivers/BSP/STM32L476G-Discovery/stm32l476g_discovery_glass_lcd.o
 .text.HAL_Init
                0x0000000008002578       0x40 ./Drivers/STM32L4xx_HAL_Driver/Src/stm32l4xx_hal.o
                0x0000000008002578                HAL_Init
 .text.HAL_InitTick
                0x00000000080025b8       0x78 ./Drivers/STM32L4xx_HAL_Driver/Src/stm32l4xx_hal.o
                0x00000000080025b8                HAL_InitTick
 .text.HAL_IncTick
                0x0000000008002630       0x28 ./Drivers/STM32L4xx_HAL_Driver/Src/stm32l4xx_hal.o
                0x0000000008002630                HAL_IncTick
 .text.HAL_GetTick
                0x0000000008002658       0x18 ./Drivers/STM32L4xx_HAL_Driver/Src/stm32l4xx_hal.o
                0x0000000008002658                HAL_GetTick
 .text.HAL_Delay
                0x0000000008002670       0x48 ./Drivers/STM32L4xx_HAL_Driver/Src/stm32l4xx_hal.o
                0x0000000008002670                HAL_Delay
 .text.LL_ADC_SetCommonClock
                0x00000000080026b8       0x26 ./Drivers/STM32L4xx_HAL_Driver/Src/stm32l4xx_hal_adc.o
 .text.LL_ADC_SetCommonPathInternalCh
                0x00000000080026de       0x26 ./Drivers/STM32L4xx_HAL_Driver/Src/stm32l4xx_hal_adc.o
 .text.LL_ADC_GetCommonPathInternalCh
                0x0000000008002704       0x1c ./Drivers/STM32L4xx_HAL_Driver/Src/stm32l4xx_hal_adc.o
 .text.LL_ADC_SetOffset
                0x0000000008002720       0x48 ./Drivers/STM32L4xx_HAL_Driver/Src/stm32l4xx_hal_adc.o
 .text.LL_ADC_GetOffsetChannel
                0x0000000008002768       0x2c ./Drivers/STM32L4xx_HAL_Driver/Src/stm32l4xx_hal_adc.o
 .text.LL_ADC_SetOffsetState
                0x0000000008002794       0x36 ./Drivers/STM32L4xx_HAL_Driver/Src/stm32l4xx_hal_adc.o
 .text.LL_ADC_REG_IsTriggerSourceSWStart
                0x00000000080027ca       0x26 ./Drivers/STM32L4xx_HAL_Driver/Src/stm32l4xx_hal_adc.o
 .text.LL_ADC_REG_SetSequencerRanks
                0x00000000080027f0       0x58 ./Drivers/STM32L4xx_HAL_Driver/Src/stm32l4xx_hal_adc.o
 .text.LL_ADC_INJ_IsTriggerSourceSWStart
                0x0000000008002848       0x26 ./Drivers/STM32L4xx_HAL_Driver/Src/stm32l4xx_hal_adc.o
 .text.LL_ADC_SetChannelSamplingTime
                0x000000000800286e       0x56 ./Drivers/STM32L4xx_HAL_Driver/Src/stm32l4xx_hal_adc.o
 .text.LL_ADC_SetChannelSingleDiff
                0x00000000080028c4       0x48 ./Drivers/STM32L4xx_HAL_Driver/Src/stm32l4xx_hal_adc.o
 .text.LL_ADC_SetAnalogWDMonitChannels
                0x000000000800290c       0x5a ./Drivers/STM32L4xx_HAL_Driver/Src/stm32l4xx_hal_adc.o
 .text.LL_ADC_ConfigAnalogWDThresholds
                0x0000000008002966       0x44 ./Drivers/STM32L4xx_HAL_Driver/Src/stm32l4xx_hal_adc.o
 .text.LL_ADC_GetMultimode
                0x00000000080029aa       0x1c ./Drivers/STM32L4xx_HAL_Driver/Src/stm32l4xx_hal_adc.o
 .text.LL_ADC_GetMultiDMATransfer
                0x00000000080029c6       0x1c ./Drivers/STM32L4xx_HAL_Driver/Src/stm32l4xx_hal_adc.o
 .text.LL_ADC_DisableDeepPowerDown
                0x00000000080029e2       0x24 ./Drivers/STM32L4xx_HAL_Driver/Src/stm32l4xx_hal_adc.o
 .text.LL_ADC_IsDeepPowerDownEnabled
                0x0000000008002a06       0x28 ./Drivers/STM32L4xx_HAL_Driver/Src/stm32l4xx_hal_adc.o
 .text.LL_ADC_EnableInternalRegulator
                0x0000000008002a2e       0x28 ./Drivers/STM32L4xx_HAL_Driver/Src/stm32l4xx_hal_adc.o
 .text.LL_ADC_IsInternalRegulatorEnabled
                0x0000000008002a56       0x28 ./Drivers/STM32L4xx_HAL_Driver/Src/stm32l4xx_hal_adc.o
 .text.LL_ADC_IsEnabled
                0x0000000008002a7e       0x26 ./Drivers/STM32L4xx_HAL_Driver/Src/stm32l4xx_hal_adc.o
 .text.LL_ADC_REG_IsConversionOngoing
                0x0000000008002aa4       0x26 ./Drivers/STM32L4xx_HAL_Driver/Src/stm32l4xx_hal_adc.o
 .text.LL_ADC_INJ_IsConversionOngoing
                0x0000000008002aca       0x26 ./Drivers/STM32L4xx_HAL_Driver/Src/stm32l4xx_hal_adc.o
 .text.LL_ADC_ClearFlag_AWD1
                0x0000000008002af0       0x1a ./Drivers/STM32L4xx_HAL_Driver/Src/stm32l4xx_hal_adc.o
 .text.LL_ADC_ClearFlag_AWD2
                0x0000000008002b0a       0x1c ./Drivers/STM32L4xx_HAL_Driver/Src/stm32l4xx_hal_adc.o
 .text.LL_ADC_ClearFlag_AWD3
                0x0000000008002b26       0x1c ./Drivers/STM32L4xx_HAL_Driver/Src/stm32l4xx_hal_adc.o
 .text.LL_ADC_EnableIT_AWD1
                0x0000000008002b42       0x20 ./Drivers/STM32L4xx_HAL_Driver/Src/stm32l4xx_hal_adc.o
 .text.LL_ADC_EnableIT_AWD2
                0x0000000008002b62       0x20 ./Drivers/STM32L4xx_HAL_Driver/Src/stm32l4xx_hal_adc.o
 .text.LL_ADC_EnableIT_AWD3
                0x0000000008002b82       0x20 ./Drivers/STM32L4xx_HAL_Driver/Src/stm32l4xx_hal_adc.o
 .text.LL_ADC_DisableIT_AWD1
                0x0000000008002ba2       0x20 ./Drivers/STM32L4xx_HAL_Driver/Src/stm32l4xx_hal_adc.o
 .text.LL_ADC_DisableIT_AWD2
                0x0000000008002bc2       0x20 ./Drivers/STM32L4xx_HAL_Driver/Src/stm32l4xx_hal_adc.o
 .text.LL_ADC_DisableIT_AWD3
                0x0000000008002be2       0x20 ./Drivers/STM32L4xx_HAL_Driver/Src/stm32l4xx_hal_adc.o
 *fill*         0x0000000008002c02        0x2 
 .text.HAL_ADC_Init
                0x0000000008002c04      0x2a0 ./Drivers/STM32L4xx_HAL_Driver/Src/stm32l4xx_hal_adc.o
                0x0000000008002c04                HAL_ADC_Init
 .text.HAL_ADC_IRQHandler
                0x0000000008002ea4      0x434 ./Drivers/STM32L4xx_HAL_Driver/Src/stm32l4xx_hal_adc.o
                0x0000000008002ea4                HAL_ADC_IRQHandler
 .text.HAL_ADC_ConvCpltCallback
                0x00000000080032d8       0x14 ./Drivers/STM32L4xx_HAL_Driver/Src/stm32l4xx_hal_adc.o
                0x00000000080032d8                HAL_ADC_ConvCpltCallback
 .text.HAL_ADC_LevelOutOfWindowCallback
                0x00000000080032ec       0x14 ./Drivers/STM32L4xx_HAL_Driver/Src/stm32l4xx_hal_adc.o
                0x00000000080032ec                HAL_ADC_LevelOutOfWindowCallback
 .text.HAL_ADC_ErrorCallback
                0x0000000008003300       0x14 ./Drivers/STM32L4xx_HAL_Driver/Src/stm32l4xx_hal_adc.o
                0x0000000008003300                HAL_ADC_ErrorCallback
 .text.HAL_ADC_ConfigChannel
                0x0000000008003314      0x7e4 ./Drivers/STM32L4xx_HAL_Driver/Src/stm32l4xx_hal_adc.o
                0x0000000008003314                HAL_ADC_ConfigChannel
 .text.HAL_ADC_AnalogWDGConfig
                0x0000000008003af8      0x418 ./Drivers/STM32L4xx_HAL_Driver/Src/stm32l4xx_hal_adc.o
                0x0000000008003af8                HAL_ADC_AnalogWDGConfig
 .text.LL_ADC_IsEnabled
                0x0000000008003f10       0x26 ./Drivers/STM32L4xx_HAL_Driver/Src/stm32l4xx_hal_adc_ex.o
 .text.LL_ADC_REG_IsConversionOngoing
                0x0000000008003f36       0x26 ./Drivers/STM32L4xx_HAL_Driver/Src/stm32l4xx_hal_adc_ex.o
 .text.HAL_ADCEx_InjectedConvCpltCallback
                0x0000000008003f5c       0x14 ./Drivers/STM32L4xx_HAL_Driver/Src/stm32l4xx_hal_adc_ex.o
                0x0000000008003f5c                HAL_ADCEx_InjectedConvCpltCallback
 .text.HAL_ADCEx_InjectedQueueOverflowCallback
                0x0000000008003f70       0x14 ./Drivers/STM32L4xx_HAL_Driver/Src/stm32l4xx_hal_adc_ex.o
                0x0000000008003f70                HAL_ADCEx_InjectedQueueOverflowCallback
 .text.HAL_ADCEx_LevelOutOfWindow2Callback
                0x0000000008003f84       0x14 ./Drivers/STM32L4xx_HAL_Driver/Src/stm32l4xx_hal_adc_ex.o
                0x0000000008003f84                HAL_ADCEx_LevelOutOfWindow2Callback
 .text.HAL_ADCEx_LevelOutOfWindow3Callback
                0x0000000008003f98       0x14 ./Drivers/STM32L4xx_HAL_Driver/Src/stm32l4xx_hal_adc_ex.o
                0x0000000008003f98                HAL_ADCEx_LevelOutOfWindow3Callback
 .text.HAL_ADCEx_EndOfSamplingCallback
                0x0000000008003fac       0x14 ./Drivers/STM32L4xx_HAL_Driver/Src/stm32l4xx_hal_adc_ex.o
                0x0000000008003fac                HAL_ADCEx_EndOfSamplingCallback
 .text.HAL_ADCEx_MultiModeConfigChannel
                0x0000000008003fc0      0x160 ./Drivers/STM32L4xx_HAL_Driver/Src/stm32l4xx_hal_adc_ex.o
                0x0000000008003fc0                HAL_ADCEx_MultiModeConfigChannel
 .text.__NVIC_SetPriorityGrouping
                0x0000000008004120       0x48 ./Drivers/STM32L4xx_HAL_Driver/Src/stm32l4xx_hal_cortex.o
 .text.__NVIC_GetPriorityGrouping
                0x0000000008004168       0x1c ./Drivers/STM32L4xx_HAL_Driver/Src/stm32l4xx_hal_cortex.o
 .text.__NVIC_EnableIRQ
                0x0000000008004184       0x3c ./Drivers/STM32L4xx_HAL_Driver/Src/stm32l4xx_hal_cortex.o
 .text.__NVIC_SetPriority
                0x00000000080041c0       0x54 ./Drivers/STM32L4xx_HAL_Driver/Src/stm32l4xx_hal_cortex.o
 .text.NVIC_EncodePriority
                0x0000000008004214       0x66 ./Drivers/STM32L4xx_HAL_Driver/Src/stm32l4xx_hal_cortex.o
 *fill*         0x000000000800427a        0x2 
 .text.SysTick_Config
                0x000000000800427c       0x44 ./Drivers/STM32L4xx_HAL_Driver/Src/stm32l4xx_hal_cortex.o
 .text.HAL_NVIC_SetPriorityGrouping
                0x00000000080042c0       0x16 ./Drivers/STM32L4xx_HAL_Driver/Src/stm32l4xx_hal_cortex.o
                0x00000000080042c0                HAL_NVIC_SetPriorityGrouping
 .text.HAL_NVIC_SetPriority
                0x00000000080042d6       0x38 ./Drivers/STM32L4xx_HAL_Driver/Src/stm32l4xx_hal_cortex.o
                0x00000000080042d6                HAL_NVIC_SetPriority
 .text.HAL_NVIC_EnableIRQ
                0x000000000800430e       0x1c ./Drivers/STM32L4xx_HAL_Driver/Src/stm32l4xx_hal_cortex.o
                0x000000000800430e                HAL_NVIC_EnableIRQ
 .text.HAL_SYSTICK_Config
                0x000000000800432a       0x18 ./Drivers/STM32L4xx_HAL_Driver/Src/stm32l4xx_hal_cortex.o
                0x000000000800432a                HAL_SYSTICK_Config
 *fill*         0x0000000008004342        0x2 
 .text.HAL_DMA_Init
                0x0000000008004344      0x170 ./Drivers/STM32L4xx_HAL_Driver/Src/stm32l4xx_hal_dma.o
                0x0000000008004344                HAL_DMA_Init
 .text.HAL_DMA_IRQHandler
                0x00000000080044b4      0x15e ./Drivers/STM32L4xx_HAL_Driver/Src/stm32l4xx_hal_dma.o
                0x00000000080044b4                HAL_DMA_IRQHandler
 *fill*         0x0000000008004612        0x2 
 .text.HAL_GPIO_Init
                0x0000000008004614      0x354 ./Drivers/STM32L4xx_HAL_Driver/Src/stm32l4xx_hal_gpio.o
                0x0000000008004614                HAL_GPIO_Init
 .text.HAL_GPIO_WritePin
                0x0000000008004968       0x30 ./Drivers/STM32L4xx_HAL_Driver/Src/stm32l4xx_hal_gpio.o
                0x0000000008004968                HAL_GPIO_WritePin
 .text.HAL_HCD_Init
                0x0000000008004998       0xc4 ./Drivers/STM32L4xx_HAL_Driver/Src/stm32l4xx_hal_hcd.o
                0x0000000008004998                HAL_HCD_Init
 .text.HAL_HCD_HC_Init
                0x0000000008004a5c      0x144 ./Drivers/STM32L4xx_HAL_Driver/Src/stm32l4xx_hal_hcd.o
                0x0000000008004a5c                HAL_HCD_HC_Init
 .text.HAL_HCD_HC_Halt
                0x0000000008004ba0       0x46 ./Drivers/STM32L4xx_HAL_Driver/Src/stm32l4xx_hal_hcd.o
                0x0000000008004ba0                HAL_HCD_HC_Halt
 *fill*         0x0000000008004be6        0x2 
 .text.HAL_HCD_HC_SubmitRequest
                0x0000000008004be8      0x2dc ./Drivers/STM32L4xx_HAL_Driver/Src/stm32l4xx_hal_hcd.o
                0x0000000008004be8                HAL_HCD_HC_SubmitRequest
 .text.HAL_HCD_IRQHandler
                0x0000000008004ec4      0x21e ./Drivers/STM32L4xx_HAL_Driver/Src/stm32l4xx_hal_hcd.o
                0x0000000008004ec4                HAL_HCD_IRQHandler
 .text.HAL_HCD_Start
                0x00000000080050e2       0x46 ./Drivers/STM32L4xx_HAL_Driver/Src/stm32l4xx_hal_hcd.o
                0x00000000080050e2                HAL_HCD_Start
 .text.HAL_HCD_Stop
                0x0000000008005128       0x3a ./Drivers/STM32L4xx_HAL_Driver/Src/stm32l4xx_hal_hcd.o
                0x0000000008005128                HAL_HCD_Stop
 .text.HAL_HCD_ResetPort
                0x0000000008005162       0x1c ./Drivers/STM32L4xx_HAL_Driver/Src/stm32l4xx_hal_hcd.o
                0x0000000008005162                HAL_HCD_ResetPort
 .text.HAL_HCD_HC_GetURBState
                0x000000000800517e       0x2a ./Drivers/STM32L4xx_HAL_Driver/Src/stm32l4xx_hal_hcd.o
                0x000000000800517e                HAL_HCD_HC_GetURBState
 .text.HAL_HCD_HC_GetXferCount
                0x00000000080051a8       0x2a ./Drivers/STM32L4xx_HAL_Driver/Src/stm32l4xx_hal_hcd.o
                0x00000000080051a8                HAL_HCD_HC_GetXferCount
 .text.HAL_HCD_GetCurrentFrame
                0x00000000080051d2       0x1c ./Drivers/STM32L4xx_HAL_Driver/Src/stm32l4xx_hal_hcd.o
                0x00000000080051d2                HAL_HCD_GetCurrentFrame
 .text.HAL_HCD_GetCurrentSpeed
                0x00000000080051ee       0x1c ./Drivers/STM32L4xx_HAL_Driver/Src/stm32l4xx_hal_hcd.o
                0x00000000080051ee                HAL_HCD_GetCurrentSpeed
 .text.HAL_HCD_HC_ClearHubInfo
                0x000000000800520a       0x42 ./Drivers/STM32L4xx_HAL_Driver/Src/stm32l4xx_hal_hcd.o
                0x000000000800520a                HAL_HCD_HC_ClearHubInfo
 .text.HCD_HC_IN_IRQHandler
                0x000000000800524c      0x876 ./Drivers/STM32L4xx_HAL_Driver/Src/stm32l4xx_hal_hcd.o
 .text.HCD_HC_OUT_IRQHandler
                0x0000000008005ac2      0x5ac ./Drivers/STM32L4xx_HAL_Driver/Src/stm32l4xx_hal_hcd.o
 .text.HCD_RXQLVL_IRQHandler
                0x000000000800606e      0x1be ./Drivers/STM32L4xx_HAL_Driver/Src/stm32l4xx_hal_hcd.o
 .text.HCD_Port_IRQHandler
                0x000000000800622c       0xe6 ./Drivers/STM32L4xx_HAL_Driver/Src/stm32l4xx_hal_hcd.o
 .text.HAL_I2C_Init
                0x0000000008006312      0x136 ./Drivers/STM32L4xx_HAL_Driver/Src/stm32l4xx_hal_i2c.o
                0x0000000008006312                HAL_I2C_Init
 .text.HAL_I2CEx_ConfigAnalogFilter
                0x0000000008006448       0x96 ./Drivers/STM32L4xx_HAL_Driver/Src/stm32l4xx_hal_i2c_ex.o
                0x0000000008006448                HAL_I2CEx_ConfigAnalogFilter
 .text.HAL_I2CEx_ConfigDigitalFilter
                0x00000000080064de       0x98 ./Drivers/STM32L4xx_HAL_Driver/Src/stm32l4xx_hal_i2c_ex.o
                0x00000000080064de                HAL_I2CEx_ConfigDigitalFilter
 *fill*         0x0000000008006576        0x2 
 .text.HAL_LCD_Init
                0x0000000008006578      0x180 ./Drivers/STM32L4xx_HAL_Driver/Src/stm32l4xx_hal_lcd.o
                0x0000000008006578                HAL_LCD_Init
 .text.HAL_LCD_Write
                0x00000000080066f8       0xb6 ./Drivers/STM32L4xx_HAL_Driver/Src/stm32l4xx_hal_lcd.o
                0x00000000080066f8                HAL_LCD_Write
 .text.HAL_LCD_Clear
                0x00000000080067ae       0xac ./Drivers/STM32L4xx_HAL_Driver/Src/stm32l4xx_hal_lcd.o
                0x00000000080067ae                HAL_LCD_Clear
 .text.HAL_LCD_UpdateDisplayRequest
                0x000000000800685a       0x72 ./Drivers/STM32L4xx_HAL_Driver/Src/stm32l4xx_hal_lcd.o
                0x000000000800685a                HAL_LCD_UpdateDisplayRequest
 .text.LCD_WaitForSynchro
                0x00000000080068cc       0x42 ./Drivers/STM32L4xx_HAL_Driver/Src/stm32l4xx_hal_lcd.o
                0x00000000080068cc                LCD_WaitForSynchro
 *fill*         0x000000000800690e        0x2 
 .text.HAL_PWR_EnableBkUpAccess
                0x0000000008006910       0x20 ./Drivers/STM32L4xx_HAL_Driver/Src/stm32l4xx_hal_pwr.o
                0x0000000008006910                HAL_PWR_EnableBkUpAccess
 .text.HAL_PWREx_GetVoltageRange
                0x0000000008006930       0x1c ./Drivers/STM32L4xx_HAL_Driver/Src/stm32l4xx_hal_pwr_ex.o
                0x0000000008006930                HAL_PWREx_GetVoltageRange
 .text.HAL_PWREx_ControlVoltageScaling
                0x000000000800694c       0xac ./Drivers/STM32L4xx_HAL_Driver/Src/stm32l4xx_hal_pwr_ex.o
                0x000000000800694c                HAL_PWREx_ControlVoltageScaling
 .text.HAL_PWREx_EnableVddUSB
                0x00000000080069f8       0x20 ./Drivers/STM32L4xx_HAL_Driver/Src/stm32l4xx_hal_pwr_ex.o
                0x00000000080069f8                HAL_PWREx_EnableVddUSB
 .text.HAL_QSPI_Init
                0x0000000008006a18       0xec ./Drivers/STM32L4xx_HAL_Driver/Src/stm32l4xx_hal_qspi.o
                0x0000000008006a18                HAL_QSPI_Init
 .text.HAL_QSPI_SetTimeout
                0x0000000008006b04       0x1c ./Drivers/STM32L4xx_HAL_Driver/Src/stm32l4xx_hal_qspi.o
                0x0000000008006b04                HAL_QSPI_SetTimeout
 .text.QSPI_WaitFlagStateUntilTimeout
                0x0000000008006b20       0x6e ./Drivers/STM32L4xx_HAL_Driver/Src/stm32l4xx_hal_qspi.o
 *fill*         0x0000000008006b8e        0x2 
 .text.HAL_RCC_OscConfig
                0x0000000008006b90      0x7b8 ./Drivers/STM32L4xx_HAL_Driver/Src/stm32l4xx_hal_rcc.o
                0x0000000008006b90                HAL_RCC_OscConfig
 .text.HAL_RCC_ClockConfig
                0x0000000008007348      0x200 ./Drivers/STM32L4xx_HAL_Driver/Src/stm32l4xx_hal_rcc.o
                0x0000000008007348                HAL_RCC_ClockConfig
 .text.HAL_RCC_GetSysClockFreq
                0x0000000008007548      0x118 ./Drivers/STM32L4xx_HAL_Driver/Src/stm32l4xx_hal_rcc.o
                0x0000000008007548                HAL_RCC_GetSysClockFreq
 .text.HAL_RCC_GetHCLKFreq
                0x0000000008007660       0x18 ./Drivers/STM32L4xx_HAL_Driver/Src/stm32l4xx_hal_rcc.o
                0x0000000008007660                HAL_RCC_GetHCLKFreq
 .text.HAL_RCC_GetPCLK1Freq
                0x0000000008007678       0x2c ./Drivers/STM32L4xx_HAL_Driver/Src/stm32l4xx_hal_rcc.o
                0x0000000008007678                HAL_RCC_GetPCLK1Freq
 .text.HAL_RCC_GetPCLK2Freq
                0x00000000080076a4       0x2c ./Drivers/STM32L4xx_HAL_Driver/Src/stm32l4xx_hal_rcc.o
                0x00000000080076a4                HAL_RCC_GetPCLK2Freq
 .text.RCC_SetFlashLatencyFromMSIRange
                0x00000000080076d0       0xc0 ./Drivers/STM32L4xx_HAL_Driver/Src/stm32l4xx_hal_rcc.o
 .text.HAL_RCCEx_PeriphCLKConfig
                0x0000000008007790      0x5d4 ./Drivers/STM32L4xx_HAL_Driver/Src/stm32l4xx_hal_rcc_ex.o
                0x0000000008007790                HAL_RCCEx_PeriphCLKConfig
 .text.HAL_RCCEx_GetPeriphCLKFreq
                0x0000000008007d64      0xadc ./Drivers/STM32L4xx_HAL_Driver/Src/stm32l4xx_hal_rcc_ex.o
                0x0000000008007d64                HAL_RCCEx_GetPeriphCLKFreq
 .text.HAL_RCCEx_EnableMSIPLLMode
                0x0000000008008840       0x20 ./Drivers/STM32L4xx_HAL_Driver/Src/stm32l4xx_hal_rcc_ex.o
                0x0000000008008840                HAL_RCCEx_EnableMSIPLLMode
 .text.RCCEx_PLLSAI1_Config
                0x0000000008008860      0x1e8 ./Drivers/STM32L4xx_HAL_Driver/Src/stm32l4xx_hal_rcc_ex.o
 .text.RCCEx_PLLSAI2_Config
                0x0000000008008a48      0x1bc ./Drivers/STM32L4xx_HAL_Driver/Src/stm32l4xx_hal_rcc_ex.o
 .text.RCCEx_GetSAIxPeriphCLKFreq
                0x0000000008008c04      0x1e0 ./Drivers/STM32L4xx_HAL_Driver/Src/stm32l4xx_hal_rcc_ex.o
 .text.HAL_SAI_Init
                0x0000000008008de4      0x2e4 ./Drivers/STM32L4xx_HAL_Driver/Src/stm32l4xx_hal_sai.o
                0x0000000008008de4                HAL_SAI_Init
 .text.SAI_Disable
                0x00000000080090c8       0x74 ./Drivers/STM32L4xx_HAL_Driver/Src/stm32l4xx_hal_sai.o
 .text.HAL_SPI_Init
                0x000000000800913c      0x146 ./Drivers/STM32L4xx_HAL_Driver/Src/stm32l4xx_hal_spi.o
                0x000000000800913c                HAL_SPI_Init
 .text.HAL_UART_Init
                0x0000000008009282       0x9c ./Drivers/STM32L4xx_HAL_Driver/Src/stm32l4xx_hal_uart.o
                0x0000000008009282                HAL_UART_Init
 .text.HAL_UART_Transmit
                0x000000000800931e      0x114 ./Drivers/STM32L4xx_HAL_Driver/Src/stm32l4xx_hal_uart.o
                0x000000000800931e                HAL_UART_Transmit
 *fill*         0x0000000008009432        0x2 
 .text.UART_SetConfig
                0x0000000008009434      0x570 ./Drivers/STM32L4xx_HAL_Driver/Src/stm32l4xx_hal_uart.o
                0x0000000008009434                UART_SetConfig
 .text.UART_AdvFeatureConfig
                0x00000000080099a4      0x144 ./Drivers/STM32L4xx_HAL_Driver/Src/stm32l4xx_hal_uart.o
                0x00000000080099a4                UART_AdvFeatureConfig
 .text.UART_CheckIdleState
                0x0000000008009ae8      0x150 ./Drivers/STM32L4xx_HAL_Driver/Src/stm32l4xx_hal_uart.o
                0x0000000008009ae8                UART_CheckIdleState
 .text.UART_WaitOnFlagUntilTimeout
                0x0000000008009c38       0xce ./Drivers/STM32L4xx_HAL_Driver/Src/stm32l4xx_hal_uart.o
                0x0000000008009c38                UART_WaitOnFlagUntilTimeout
 .text.UART_EndRxTransfer
                0x0000000008009d06       0xc8 ./Drivers/STM32L4xx_HAL_Driver/Src/stm32l4xx_hal_uart.o
 .text.USB_CoreInit
                0x0000000008009dce       0x58 ./Drivers/STM32L4xx_HAL_Driver/Src/stm32l4xx_ll_usb.o
                0x0000000008009dce                USB_CoreInit
 .text.USB_EnableGlobalInt
                0x0000000008009e26       0x22 ./Drivers/STM32L4xx_HAL_Driver/Src/stm32l4xx_ll_usb.o
                0x0000000008009e26                USB_EnableGlobalInt
 .text.USB_DisableGlobalInt
                0x0000000008009e48       0x22 ./Drivers/STM32L4xx_HAL_Driver/Src/stm32l4xx_ll_usb.o
                0x0000000008009e48                USB_DisableGlobalInt
 .text.USB_SetCurrentMode
                0x0000000008009e6a       0x98 ./Drivers/STM32L4xx_HAL_Driver/Src/stm32l4xx_ll_usb.o
                0x0000000008009e6a                USB_SetCurrentMode
 *fill*         0x0000000008009f02        0x2 
 .text.USB_FlushTxFifo
                0x0000000008009f04       0x68 ./Drivers/STM32L4xx_HAL_Driver/Src/stm32l4xx_ll_usb.o
                0x0000000008009f04                USB_FlushTxFifo
 .text.USB_FlushRxFifo
                0x0000000008009f6c       0x60 ./Drivers/STM32L4xx_HAL_Driver/Src/stm32l4xx_ll_usb.o
                0x0000000008009f6c                USB_FlushRxFifo
 .text.USB_WritePacket
                0x0000000008009fcc       0x74 ./Drivers/STM32L4xx_HAL_Driver/Src/stm32l4xx_ll_usb.o
                0x0000000008009fcc                USB_WritePacket
 .text.USB_ReadPacket
                0x000000000800a040       0xb0 ./Drivers/STM32L4xx_HAL_Driver/Src/stm32l4xx_ll_usb.o
                0x000000000800a040                USB_ReadPacket
 .text.USB_ReadInterrupts
                0x000000000800a0f0       0x26 ./Drivers/STM32L4xx_HAL_Driver/Src/stm32l4xx_ll_usb.o
                0x000000000800a0f0                USB_ReadInterrupts
 .text.USB_ReadChInterrupts
                0x000000000800a116       0x42 ./Drivers/STM32L4xx_HAL_Driver/Src/stm32l4xx_ll_usb.o
                0x000000000800a116                USB_ReadChInterrupts
 .text.USB_GetMode
                0x000000000800a158       0x1c ./Drivers/STM32L4xx_HAL_Driver/Src/stm32l4xx_ll_usb.o
                0x000000000800a158                USB_GetMode
 .text.USB_CoreReset
                0x000000000800a174       0x68 ./Drivers/STM32L4xx_HAL_Driver/Src/stm32l4xx_ll_usb.o
 .text.USB_HostInit
                0x000000000800a1dc      0x104 ./Drivers/STM32L4xx_HAL_Driver/Src/stm32l4xx_ll_usb.o
                0x000000000800a1dc                USB_HostInit
 .text.USB_InitFSLSPClkSel
                0x000000000800a2e0       0x7a ./Drivers/STM32L4xx_HAL_Driver/Src/stm32l4xx_ll_usb.o
                0x000000000800a2e0                USB_InitFSLSPClkSel
 .text.USB_ResetPort
                0x000000000800a35a       0x54 ./Drivers/STM32L4xx_HAL_Driver/Src/stm32l4xx_ll_usb.o
                0x000000000800a35a                USB_ResetPort
 .text.USB_DriveVbus
                0x000000000800a3ae       0x72 ./Drivers/STM32L4xx_HAL_Driver/Src/stm32l4xx_ll_usb.o
                0x000000000800a3ae                USB_DriveVbus
 .text.USB_GetHostSpeed
                0x000000000800a420       0x2e ./Drivers/STM32L4xx_HAL_Driver/Src/stm32l4xx_ll_usb.o
                0x000000000800a420                USB_GetHostSpeed
 .text.USB_GetCurrentFrame
                0x000000000800a44e       0x22 ./Drivers/STM32L4xx_HAL_Driver/Src/stm32l4xx_ll_usb.o
                0x000000000800a44e                USB_GetCurrentFrame
 .text.USB_HC_Init
                0x000000000800a470      0x218 ./Drivers/STM32L4xx_HAL_Driver/Src/stm32l4xx_ll_usb.o
                0x000000000800a470                USB_HC_Init
 .text.USB_HC_StartXfer
                0x000000000800a688      0x1f0 ./Drivers/STM32L4xx_HAL_Driver/Src/stm32l4xx_ll_usb.o
                0x000000000800a688                USB_HC_StartXfer
 .text.USB_HC_ReadInterrupt
                0x000000000800a878       0x22 ./Drivers/STM32L4xx_HAL_Driver/Src/stm32l4xx_ll_usb.o
                0x000000000800a878                USB_HC_ReadInterrupt
 .text.USB_HC_Halt
                0x000000000800a89a      0x240 ./Drivers/STM32L4xx_HAL_Driver/Src/stm32l4xx_ll_usb.o
                0x000000000800a89a                USB_HC_Halt
 .text.USB_StopHost
                0x000000000800aada      0x124 ./Drivers/STM32L4xx_HAL_Driver/Src/stm32l4xx_ll_usb.o
                0x000000000800aada                USB_StopHost
 .text.USBH_CDC_InterfaceInit
                0x000000000800abfe      0x2ac ./Middlewares/ST/STM32_USB_Host_Library/Class/CDC/Src/usbh_cdc.o
 .text.USBH_CDC_InterfaceDeInit
                0x000000000800aeaa       0xb2 ./Middlewares/ST/STM32_USB_Host_Library/Class/CDC/Src/usbh_cdc.o
 .text.USBH_CDC_ClassRequest
                0x000000000800af5c       0x3e ./Middlewares/ST/STM32_USB_Host_Library/Class/CDC/Src/usbh_cdc.o
 *fill*         0x000000000800af9a        0x2 
 .text.USBH_CDC_Process
                0x000000000800af9c      0x12c ./Middlewares/ST/STM32_USB_Host_Library/Class/CDC/Src/usbh_cdc.o
 .text.USBH_CDC_SOFProcess
                0x000000000800b0c8       0x16 ./Middlewares/ST/STM32_USB_Host_Library/Class/CDC/Src/usbh_cdc.o
 .text.GetLineCoding
                0x000000000800b0de       0x3e ./Middlewares/ST/STM32_USB_Host_Library/Class/CDC/Src/usbh_cdc.o
 .text.SetLineCoding
                0x000000000800b11c       0x3e ./Middlewares/ST/STM32_USB_Host_Library/Class/CDC/Src/usbh_cdc.o
 .text.CDC_ProcessTransmission
                0x000000000800b15a       0xec ./Middlewares/ST/STM32_USB_Host_Library/Class/CDC/Src/usbh_cdc.o
 .text.CDC_ProcessReception
                0x000000000800b246       0xb6 ./Middlewares/ST/STM32_USB_Host_Library/Class/CDC/Src/usbh_cdc.o
 .text.USBH_CDC_TransmitCallback
                0x000000000800b2fc       0x14 ./Middlewares/ST/STM32_USB_Host_Library/Class/CDC/Src/usbh_cdc.o
                0x000000000800b2fc                USBH_CDC_TransmitCallback
 .text.USBH_CDC_ReceiveCallback
                0x000000000800b310       0x14 ./Middlewares/ST/STM32_USB_Host_Library/Class/CDC/Src/usbh_cdc.o
                0x000000000800b310                USBH_CDC_ReceiveCallback
 .text.USBH_CDC_LineCodingChanged
                0x000000000800b324       0x14 ./Middlewares/ST/STM32_USB_Host_Library/Class/CDC/Src/usbh_cdc.o
                0x000000000800b324                USBH_CDC_LineCodingChanged
 .text.USBH_Init
                0x000000000800b338       0x74 ./Middlewares/ST/STM32_USB_Host_Library/Core/Src/usbh_core.o
                0x000000000800b338                USBH_Init
 .text.DeInitStateMachine
                0x000000000800b3ac       0xe6 ./Middlewares/ST/STM32_USB_Host_Library/Core/Src/usbh_core.o
 .text.USBH_RegisterClass
                0x000000000800b492       0x54 ./Middlewares/ST/STM32_USB_Host_Library/Core/Src/usbh_core.o
                0x000000000800b492                USBH_RegisterClass
 .text.USBH_SelectInterface
                0x000000000800b4e6       0x38 ./Middlewares/ST/STM32_USB_Host_Library/Core/Src/usbh_core.o
                0x000000000800b4e6                USBH_SelectInterface
 .text.USBH_FindInterface
                0x000000000800b51e       0x8c ./Middlewares/ST/STM32_USB_Host_Library/Core/Src/usbh_core.o
                0x000000000800b51e                USBH_FindInterface
 .text.USBH_Start
                0x000000000800b5aa       0x20 ./Middlewares/ST/STM32_USB_Host_Library/Core/Src/usbh_core.o
                0x000000000800b5aa                USBH_Start
 *fill*         0x000000000800b5ca        0x2 
 .text.USBH_Process
                0x000000000800b5cc      0x3d8 ./Middlewares/ST/STM32_USB_Host_Library/Core/Src/usbh_core.o
                0x000000000800b5cc                USBH_Process
 .text.USBH_HandleEnum
                0x000000000800b9a4      0x3c8 ./Middlewares/ST/STM32_USB_Host_Library/Core/Src/usbh_core.o
 .text.USBH_LL_SetTimer
                0x000000000800bd6c       0x1e ./Middlewares/ST/STM32_USB_Host_Library/Core/Src/usbh_core.o
                0x000000000800bd6c                USBH_LL_SetTimer
 .text.USBH_LL_IncTimer
                0x000000000800bd8a       0x24 ./Middlewares/ST/STM32_USB_Host_Library/Core/Src/usbh_core.o
                0x000000000800bd8a                USBH_LL_IncTimer
 .text.USBH_HandleSof
                0x000000000800bdae       0x30 ./Middlewares/ST/STM32_USB_Host_Library/Core/Src/usbh_core.o
 .text.USBH_LL_PortEnabled
                0x000000000800bdde       0x1c ./Middlewares/ST/STM32_USB_Host_Library/Core/Src/usbh_core.o
                0x000000000800bdde                USBH_LL_PortEnabled
 .text.USBH_LL_PortDisabled
                0x000000000800bdfa       0x1c ./Middlewares/ST/STM32_USB_Host_Library/Core/Src/usbh_core.o
                0x000000000800bdfa                USBH_LL_PortDisabled
 .text.USBH_LL_Connect
                0x000000000800be16       0x2e ./Middlewares/ST/STM32_USB_Host_Library/Core/Src/usbh_core.o
                0x000000000800be16                USBH_LL_Connect
 .text.USBH_LL_Disconnect
                0x000000000800be44       0x48 ./Middlewares/ST/STM32_USB_Host_Library/Core/Src/usbh_core.o
                0x000000000800be44                USBH_LL_Disconnect
 .text.USBH_Get_DevDesc
                0x000000000800be8c       0x58 ./Middlewares/ST/STM32_USB_Host_Library/Core/Src/usbh_ctlreq.o
                0x000000000800be8c                USBH_Get_DevDesc
 .text.USBH_Get_CfgDesc
                0x000000000800bee4       0x54 ./Middlewares/ST/STM32_USB_Host_Library/Core/Src/usbh_ctlreq.o
                0x000000000800bee4                USBH_Get_CfgDesc
 .text.USBH_Get_StringDesc
                0x000000000800bf38       0x68 ./Middlewares/ST/STM32_USB_Host_Library/Core/Src/usbh_ctlreq.o
                0x000000000800bf38                USBH_Get_StringDesc
 .text.USBH_GetDescriptor
                0x000000000800bfa0       0x6a ./Middlewares/ST/STM32_USB_Host_Library/Core/Src/usbh_ctlreq.o
                0x000000000800bfa0                USBH_GetDescriptor
 .text.USBH_SetAddress
                0x000000000800c00a       0x48 ./Middlewares/ST/STM32_USB_Host_Library/Core/Src/usbh_ctlreq.o
                0x000000000800c00a                USBH_SetAddress
 .text.USBH_SetCfg
                0x000000000800c052       0x46 ./Middlewares/ST/STM32_USB_Host_Library/Core/Src/usbh_ctlreq.o
                0x000000000800c052                USBH_SetCfg
 .text.USBH_SetFeature
                0x000000000800c098       0x48 ./Middlewares/ST/STM32_USB_Host_Library/Core/Src/usbh_ctlreq.o
                0x000000000800c098                USBH_SetFeature
 .text.USBH_ClrFeature
                0x000000000800c0e0       0x48 ./Middlewares/ST/STM32_USB_Host_Library/Core/Src/usbh_ctlreq.o
                0x000000000800c0e0                USBH_ClrFeature
 .text.USBH_ParseDevDesc
                0x000000000800c128      0x168 ./Middlewares/ST/STM32_USB_Host_Library/Core/Src/usbh_ctlreq.o
 .text.USBH_ParseCfgDesc
                0x000000000800c290      0x1f2 ./Middlewares/ST/STM32_USB_Host_Library/Core/Src/usbh_ctlreq.o
 .text.USBH_ParseInterfaceDesc
                0x000000000800c482       0x68 ./Middlewares/ST/STM32_USB_Host_Library/Core/Src/usbh_ctlreq.o
 .text.USBH_ParseEPDesc
                0x000000000800c4ea      0x1d2 ./Middlewares/ST/STM32_USB_Host_Library/Core/Src/usbh_ctlreq.o
 .text.USBH_ParseStringDesc
                0x000000000800c6bc       0x66 ./Middlewares/ST/STM32_USB_Host_Library/Core/Src/usbh_ctlreq.o
 .text.USBH_GetNextDesc
                0x000000000800c722       0x36 ./Middlewares/ST/STM32_USB_Host_Library/Core/Src/usbh_ctlreq.o
                0x000000000800c722                USBH_GetNextDesc
 .text.USBH_CtlReq
                0x000000000800c758       0x7a ./Middlewares/ST/STM32_USB_Host_Library/Core/Src/usbh_ctlreq.o
                0x000000000800c758                USBH_CtlReq
 *fill*         0x000000000800c7d2        0x2 
 .text.USBH_HandleControl
                0x000000000800c7d4      0x2e8 ./Middlewares/ST/STM32_USB_Host_Library/Core/Src/usbh_ctlreq.o
 .text.USBH_CtlSendSetup
                0x000000000800cabc       0x34 ./Middlewares/ST/STM32_USB_Host_Library/Core/Src/usbh_ioreq.o
                0x000000000800cabc                USBH_CtlSendSetup
 .text.USBH_CtlSendData
                0x000000000800caf0       0x4a ./Middlewares/ST/STM32_USB_Host_Library/Core/Src/usbh_ioreq.o
                0x000000000800caf0                USBH_CtlSendData
 .text.USBH_CtlReceiveData
                0x000000000800cb3a       0x3c ./Middlewares/ST/STM32_USB_Host_Library/Core/Src/usbh_ioreq.o
                0x000000000800cb3a                USBH_CtlReceiveData
 .text.USBH_BulkSendData
                0x000000000800cb76       0x4a ./Middlewares/ST/STM32_USB_Host_Library/Core/Src/usbh_ioreq.o
                0x000000000800cb76                USBH_BulkSendData
 .text.USBH_BulkReceiveData
                0x000000000800cbc0       0x3c ./Middlewares/ST/STM32_USB_Host_Library/Core/Src/usbh_ioreq.o
                0x000000000800cbc0                USBH_BulkReceiveData
 .text.USBH_OpenPipe
                0x000000000800cbfc       0x3e ./Middlewares/ST/STM32_USB_Host_Library/Core/Src/usbh_pipes.o
                0x000000000800cbfc                USBH_OpenPipe
 .text.USBH_ClosePipe
                0x000000000800cc3a       0x20 ./Middlewares/ST/STM32_USB_Host_Library/Core/Src/usbh_pipes.o
                0x000000000800cc3a                USBH_ClosePipe
 .text.USBH_AllocPipe
                0x000000000800cc5a       0x42 ./Middlewares/ST/STM32_USB_Host_Library/Core/Src/usbh_pipes.o
                0x000000000800cc5a                USBH_AllocPipe
 .text.USBH_FreePipe
                0x000000000800cc9c       0x3c ./Middlewares/ST/STM32_USB_Host_Library/Core/Src/usbh_pipes.o
                0x000000000800cc9c                USBH_FreePipe
 .text.USBH_GetFreePipe
                0x000000000800ccd8       0x48 ./Middlewares/ST/STM32_USB_Host_Library/Core/Src/usbh_pipes.o
 .text.MX_USB_HOST_Init
                0x000000000800cd20       0x4c ./USB_HOST/App/usb_host.o
                0x000000000800cd20                MX_USB_HOST_Init
 .text.MX_USB_HOST_Process
                0x000000000800cd6c       0x14 ./USB_HOST/App/usb_host.o
                0x000000000800cd6c                MX_USB_HOST_Process
 .text.USBH_UserProcess
                0x000000000800cd80       0x5c ./USB_HOST/App/usb_host.o
 .text.HAL_HCD_MspInit
                0x000000000800cddc       0xcc ./USB_HOST/Target/usbh_conf.o
                0x000000000800cddc                HAL_HCD_MspInit
 .text.HAL_HCD_SOF_Callback
                0x000000000800cea8       0x1c ./USB_HOST/Target/usbh_conf.o
                0x000000000800cea8                HAL_HCD_SOF_Callback
 .text.HAL_HCD_Connect_Callback
                0x000000000800cec4       0x1c ./USB_HOST/Target/usbh_conf.o
                0x000000000800cec4                HAL_HCD_Connect_Callback
 .text.HAL_HCD_Disconnect_Callback
                0x000000000800cee0       0x1c ./USB_HOST/Target/usbh_conf.o
                0x000000000800cee0                HAL_HCD_Disconnect_Callback
 .text.HAL_HCD_HC_NotifyURBChange_Callback
                0x000000000800cefc       0x1c ./USB_HOST/Target/usbh_conf.o
                0x000000000800cefc                HAL_HCD_HC_NotifyURBChange_Callback
 .text.HAL_HCD_PortEnabled_Callback
                0x000000000800cf18       0x1c ./USB_HOST/Target/usbh_conf.o
                0x000000000800cf18                HAL_HCD_PortEnabled_Callback
 .text.HAL_HCD_PortDisabled_Callback
                0x000000000800cf34       0x1c ./USB_HOST/Target/usbh_conf.o
                0x000000000800cf34                HAL_HCD_PortDisabled_Callback
 .text.USBH_LL_Init
                0x000000000800cf50       0x78 ./USB_HOST/Target/usbh_conf.o
                0x000000000800cf50                USBH_LL_Init
 .text.USBH_LL_Start
                0x000000000800cfc8       0x36 ./USB_HOST/Target/usbh_conf.o
                0x000000000800cfc8                USBH_LL_Start
 .text.USBH_LL_Stop
                0x000000000800cffe       0x36 ./USB_HOST/Target/usbh_conf.o
                0x000000000800cffe                USBH_LL_Stop
 .text.USBH_LL_GetSpeed
                0x000000000800d034       0x4e ./USB_HOST/Target/usbh_conf.o
                0x000000000800d034                USBH_LL_GetSpeed
 .text.USBH_LL_ResetPort
                0x000000000800d082       0x36 ./USB_HOST/Target/usbh_conf.o
                0x000000000800d082                USBH_LL_ResetPort
 .text.USBH_LL_GetLastXferSize
                0x000000000800d0b8       0x26 ./USB_HOST/Target/usbh_conf.o
                0x000000000800d0b8                USBH_LL_GetLastXferSize
 .text.USBH_LL_OpenPipe
                0x000000000800d0de       0x5e ./USB_HOST/Target/usbh_conf.o
                0x000000000800d0de                USBH_LL_OpenPipe
 .text.USBH_LL_ClosePipe
                0x000000000800d13c       0x3e ./USB_HOST/Target/usbh_conf.o
                0x000000000800d13c                USBH_LL_ClosePipe
 .text.USBH_LL_SubmitURB
                0x000000000800d17a       0x62 ./USB_HOST/Target/usbh_conf.o
                0x000000000800d17a                USBH_LL_SubmitURB
 .text.USBH_LL_GetURBState
                0x000000000800d1dc       0x26 ./USB_HOST/Target/usbh_conf.o
                0x000000000800d1dc                USBH_LL_GetURBState
 .text.USBH_LL_DriverVBUS
                0x000000000800d202       0x2e ./USB_HOST/Target/usbh_conf.o
                0x000000000800d202                USBH_LL_DriverVBUS
 .text.USBH_LL_SetToggle
                0x000000000800d230       0x66 ./USB_HOST/Target/usbh_conf.o
                0x000000000800d230                USBH_LL_SetToggle
 .text.USBH_Delay
                0x000000000800d296       0x16 ./USB_HOST/Target/usbh_conf.o
                0x000000000800d296                USBH_Delay
 .text.USBH_Get_USB_Status
                0x000000000800d2ac       0x58 ./USB_HOST/Target/usbh_conf.o
                0x000000000800d2ac                USBH_Get_USB_Status
 .text.MX_DriverVbusFS
                0x000000000800d304       0x38 ./USB_HOST/Target/usbh_platform.o
                0x000000000800d304                MX_DriverVbusFS
 .text.malloc   0x000000000800d33c       0x10 C:/ST/STM32CubeIDE_1.14.1/STM32CubeIDE/plugins/com.st.stm32cube.ide.mcu.externaltools.gnu-tools-for-stm32.11.3.rel1.win32_1.1.100.202309141235/tools/bin/../lib/gcc/arm-none-eabi/11.3.1/../../../../arm-none-eabi/lib/thumb/v7e-m+fp/hard\libc_nano.a(libc_a-malloc.o)
                0x000000000800d33c                malloc
 .text.free     0x000000000800d34c       0x10 C:/ST/STM32CubeIDE_1.14.1/STM32CubeIDE/plugins/com.st.stm32cube.ide.mcu.externaltools.gnu-tools-for-stm32.11.3.rel1.win32_1.1.100.202309141235/tools/bin/../lib/gcc/arm-none-eabi/11.3.1/../../../../arm-none-eabi/lib/thumb/v7e-m+fp/hard\libc_nano.a(libc_a-malloc.o)
                0x000000000800d34c                free
 .text.sbrk_aligned
                0x000000000800d35c       0x40 C:/ST/STM32CubeIDE_1.14.1/STM32CubeIDE/plugins/com.st.stm32cube.ide.mcu.externaltools.gnu-tools-for-stm32.11.3.rel1.win32_1.1.100.202309141235/tools/bin/../lib/gcc/arm-none-eabi/11.3.1/../../../../arm-none-eabi/lib/thumb/v7e-m+fp/hard\libc_nano.a(libc_a-mallocr.o)
 .text._malloc_r
                0x000000000800d39c      0x100 C:/ST/STM32CubeIDE_1.14.1/STM32CubeIDE/plugins/com.st.stm32cube.ide.mcu.externaltools.gnu-tools-for-stm32.11.3.rel1.win32_1.1.100.202309141235/tools/bin/../lib/gcc/arm-none-eabi/11.3.1/../../../../arm-none-eabi/lib/thumb/v7e-m+fp/hard\libc_nano.a(libc_a-mallocr.o)
                0x000000000800d39c                _malloc_r
 .text.__malloc_lock
                0x000000000800d49c        0xc C:/ST/STM32CubeIDE_1.14.1/STM32CubeIDE/plugins/com.st.stm32cube.ide.mcu.externaltools.gnu-tools-for-stm32.11.3.rel1.win32_1.1.100.202309141235/tools/bin/../lib/gcc/arm-none-eabi/11.3.1/../../../../arm-none-eabi/lib/thumb/v7e-m+fp/hard\libc_nano.a(libc_a-mlock.o)
                0x000000000800d49c                __malloc_lock
 .text.__malloc_unlock
                0x000000000800d4a8        0xc C:/ST/STM32CubeIDE_1.14.1/STM32CubeIDE/plugins/com.st.stm32cube.ide.mcu.externaltools.gnu-tools-for-stm32.11.3.rel1.win32_1.1.100.202309141235/tools/bin/../lib/gcc/arm-none-eabi/11.3.1/../../../../arm-none-eabi/lib/thumb/v7e-m+fp/hard\libc_nano.a(libc_a-mlock.o)
                0x000000000800d4a8                __malloc_unlock
 .text.std      0x000000000800d4b4       0x6c C:/ST/STM32CubeIDE_1.14.1/STM32CubeIDE/plugins/com.st.stm32cube.ide.mcu.externaltools.gnu-tools-for-stm32.11.3.rel1.win32_1.1.100.202309141235/tools/bin/../lib/gcc/arm-none-eabi/11.3.1/../../../../arm-none-eabi/lib/thumb/v7e-m+fp/hard\libc_nano.a(libc_a-findfp.o)
 .text.stdio_exit_handler
                0x000000000800d520       0x18 C:/ST/STM32CubeIDE_1.14.1/STM32CubeIDE/plugins/com.st.stm32cube.ide.mcu.externaltools.gnu-tools-for-stm32.11.3.rel1.win32_1.1.100.202309141235/tools/bin/../lib/gcc/arm-none-eabi/11.3.1/../../../../arm-none-eabi/lib/thumb/v7e-m+fp/hard\libc_nano.a(libc_a-findfp.o)
 .text.cleanup_stdio
                0x000000000800d538       0x40 C:/ST/STM32CubeIDE_1.14.1/STM32CubeIDE/plugins/com.st.stm32cube.ide.mcu.externaltools.gnu-tools-for-stm32.11.3.rel1.win32_1.1.100.202309141235/tools/bin/../lib/gcc/arm-none-eabi/11.3.1/../../../../arm-none-eabi/lib/thumb/v7e-m+fp/hard\libc_nano.a(libc_a-findfp.o)
 .text.global_stdio_init.part.0
                0x000000000800d578       0x3c C:/ST/STM32CubeIDE_1.14.1/STM32CubeIDE/plugins/com.st.stm32cube.ide.mcu.externaltools.gnu-tools-for-stm32.11.3.rel1.win32_1.1.100.202309141235/tools/bin/../lib/gcc/arm-none-eabi/11.3.1/../../../../arm-none-eabi/lib/thumb/v7e-m+fp/hard\libc_nano.a(libc_a-findfp.o)
 .text.__sfp_lock_acquire
                0x000000000800d5b4        0xc C:/ST/STM32CubeIDE_1.14.1/STM32CubeIDE/plugins/com.st.stm32cube.ide.mcu.externaltools.gnu-tools-for-stm32.11.3.rel1.win32_1.1.100.202309141235/tools/bin/../lib/gcc/arm-none-eabi/11.3.1/../../../../arm-none-eabi/lib/thumb/v7e-m+fp/hard\libc_nano.a(libc_a-findfp.o)
                0x000000000800d5b4                __sfp_lock_acquire
 .text.__sfp_lock_release
                0x000000000800d5c0        0xc C:/ST/STM32CubeIDE_1.14.1/STM32CubeIDE/plugins/com.st.stm32cube.ide.mcu.externaltools.gnu-tools-for-stm32.11.3.rel1.win32_1.1.100.202309141235/tools/bin/../lib/gcc/arm-none-eabi/11.3.1/../../../../arm-none-eabi/lib/thumb/v7e-m+fp/hard\libc_nano.a(libc_a-findfp.o)
                0x000000000800d5c0                __sfp_lock_release
 .text.__sinit  0x000000000800d5cc       0x30 C:/ST/STM32CubeIDE_1.14.1/STM32CubeIDE/plugins/com.st.stm32cube.ide.mcu.externaltools.gnu-tools-for-stm32.11.3.rel1.win32_1.1.100.202309141235/tools/bin/../lib/gcc/arm-none-eabi/11.3.1/../../../../arm-none-eabi/lib/thumb/v7e-m+fp/hard\libc_nano.a(libc_a-findfp.o)
                0x000000000800d5cc                __sinit
 .text._fwalk_sglue
                0x000000000800d5fc       0x3c C:/ST/STM32CubeIDE_1.14.1/STM32CubeIDE/plugins/com.st.stm32cube.ide.mcu.externaltools.gnu-tools-for-stm32.11.3.rel1.win32_1.1.100.202309141235/tools/bin/../lib/gcc/arm-none-eabi/11.3.1/../../../../arm-none-eabi/lib/thumb/v7e-m+fp/hard\libc_nano.a(libc_a-fwalk.o)
                0x000000000800d5fc                _fwalk_sglue
 .text.printf   0x000000000800d638       0x24 C:/ST/STM32CubeIDE_1.14.1/STM32CubeIDE/plugins/com.st.stm32cube.ide.mcu.externaltools.gnu-tools-for-stm32.11.3.rel1.win32_1.1.100.202309141235/tools/bin/../lib/gcc/arm-none-eabi/11.3.1/../../../../arm-none-eabi/lib/thumb/v7e-m+fp/hard\libc_nano.a(libc_a-printf.o)
                0x000000000800d638                iprintf
                0x000000000800d638                printf
 .text.__sread  0x000000000800d65c       0x22 C:/ST/STM32CubeIDE_1.14.1/STM32CubeIDE/plugins/com.st.stm32cube.ide.mcu.externaltools.gnu-tools-for-stm32.11.3.rel1.win32_1.1.100.202309141235/tools/bin/../lib/gcc/arm-none-eabi/11.3.1/../../../../arm-none-eabi/lib/thumb/v7e-m+fp/hard\libc_nano.a(libc_a-stdio.o)
                0x000000000800d65c                __sread
 .text.__swrite
                0x000000000800d67e       0x38 C:/ST/STM32CubeIDE_1.14.1/STM32CubeIDE/plugins/com.st.stm32cube.ide.mcu.externaltools.gnu-tools-for-stm32.11.3.rel1.win32_1.1.100.202309141235/tools/bin/../lib/gcc/arm-none-eabi/11.3.1/../../../../arm-none-eabi/lib/thumb/v7e-m+fp/hard\libc_nano.a(libc_a-stdio.o)
                0x000000000800d67e                __swrite
 .text.__sseek  0x000000000800d6b6       0x24 C:/ST/STM32CubeIDE_1.14.1/STM32CubeIDE/plugins/com.st.stm32cube.ide.mcu.externaltools.gnu-tools-for-stm32.11.3.rel1.win32_1.1.100.202309141235/tools/bin/../lib/gcc/arm-none-eabi/11.3.1/../../../../arm-none-eabi/lib/thumb/v7e-m+fp/hard\libc_nano.a(libc_a-stdio.o)
                0x000000000800d6b6                __sseek
 .text.__sclose
                0x000000000800d6da        0x8 C:/ST/STM32CubeIDE_1.14.1/STM32CubeIDE/plugins/com.st.stm32cube.ide.mcu.externaltools.gnu-tools-for-stm32.11.3.rel1.win32_1.1.100.202309141235/tools/bin/../lib/gcc/arm-none-eabi/11.3.1/../../../../arm-none-eabi/lib/thumb/v7e-m+fp/hard\libc_nano.a(libc_a-stdio.o)
                0x000000000800d6da                __sclose
 .text.memset   0x000000000800d6e2       0x10 C:/ST/STM32CubeIDE_1.14.1/STM32CubeIDE/plugins/com.st.stm32cube.ide.mcu.externaltools.gnu-tools-for-stm32.11.3.rel1.win32_1.1.100.202309141235/tools/bin/../lib/gcc/arm-none-eabi/11.3.1/../../../../arm-none-eabi/lib/thumb/v7e-m+fp/hard\libc_nano.a(libc_a-memset.o)
                0x000000000800d6e2                memset
 *fill*         0x000000000800d6f2        0x2 
 .text._close_r
                0x000000000800d6f4       0x20 C:/ST/STM32CubeIDE_1.14.1/STM32CubeIDE/plugins/com.st.stm32cube.ide.mcu.externaltools.gnu-tools-for-stm32.11.3.rel1.win32_1.1.100.202309141235/tools/bin/../lib/gcc/arm-none-eabi/11.3.1/../../../../arm-none-eabi/lib/thumb/v7e-m+fp/hard\libc_nano.a(libc_a-closer.o)
                0x000000000800d6f4                _close_r
 .text._lseek_r
                0x000000000800d714       0x24 C:/ST/STM32CubeIDE_1.14.1/STM32CubeIDE/plugins/com.st.stm32cube.ide.mcu.externaltools.gnu-tools-for-stm32.11.3.rel1.win32_1.1.100.202309141235/tools/bin/../lib/gcc/arm-none-eabi/11.3.1/../../../../arm-none-eabi/lib/thumb/v7e-m+fp/hard\libc_nano.a(libc_a-lseekr.o)
                0x000000000800d714                _lseek_r
 .text._read_r  0x000000000800d738       0x24 C:/ST/STM32CubeIDE_1.14.1/STM32CubeIDE/plugins/com.st.stm32cube.ide.mcu.externaltools.gnu-tools-for-stm32.11.3.rel1.win32_1.1.100.202309141235/tools/bin/../lib/gcc/arm-none-eabi/11.3.1/../../../../arm-none-eabi/lib/thumb/v7e-m+fp/hard\libc_nano.a(libc_a-readr.o)
                0x000000000800d738                _read_r
 .text._sbrk_r  0x000000000800d75c       0x20 C:/ST/STM32CubeIDE_1.14.1/STM32CubeIDE/plugins/com.st.stm32cube.ide.mcu.externaltools.gnu-tools-for-stm32.11.3.rel1.win32_1.1.100.202309141235/tools/bin/../lib/gcc/arm-none-eabi/11.3.1/../../../../arm-none-eabi/lib/thumb/v7e-m+fp/hard\libc_nano.a(libc_a-sbrkr.o)
                0x000000000800d75c                _sbrk_r
 .text._write_r
                0x000000000800d77c       0x24 C:/ST/STM32CubeIDE_1.14.1/STM32CubeIDE/plugins/com.st.stm32cube.ide.mcu.externaltools.gnu-tools-for-stm32.11.3.rel1.win32_1.1.100.202309141235/tools/bin/../lib/gcc/arm-none-eabi/11.3.1/../../../../arm-none-eabi/lib/thumb/v7e-m+fp/hard\libc_nano.a(libc_a-writer.o)
                0x000000000800d77c                _write_r
 .text.__errno  0x000000000800d7a0        0xc C:/ST/STM32CubeIDE_1.14.1/STM32CubeIDE/plugins/com.st.stm32cube.ide.mcu.externaltools.gnu-tools-for-stm32.11.3.rel1.win32_1.1.100.202309141235/tools/bin/../lib/gcc/arm-none-eabi/11.3.1/../../../../arm-none-eabi/lib/thumb/v7e-m+fp/hard\libc_nano.a(libc_a-errno.o)
                0x000000000800d7a0                __errno
 .text.__libc_init_array
                0x000000000800d7ac       0x48 C:/ST/STM32CubeIDE_1.14.1/STM32CubeIDE/plugins/com.st.stm32cube.ide.mcu.externaltools.gnu-tools-for-stm32.11.3.rel1.win32_1.1.100.202309141235/tools/bin/../lib/gcc/arm-none-eabi/11.3.1/../../../../arm-none-eabi/lib/thumb/v7e-m+fp/hard\libc_nano.a(libc_a-init.o)
                0x000000000800d7ac                __libc_init_array
 .text.__retarget_lock_init_recursive
                0x000000000800d7f4        0x2 C:/ST/STM32CubeIDE_1.14.1/STM32CubeIDE/plugins/com.st.stm32cube.ide.mcu.externaltools.gnu-tools-for-stm32.11.3.rel1.win32_1.1.100.202309141235/tools/bin/../lib/gcc/arm-none-eabi/11.3.1/../../../../arm-none-eabi/lib/thumb/v7e-m+fp/hard\libc_nano.a(libc_a-lock.o)
                0x000000000800d7f4                __retarget_lock_init_recursive
 .text.__retarget_lock_acquire_recursive
                0x000000000800d7f6        0x2 C:/ST/STM32CubeIDE_1.14.1/STM32CubeIDE/plugins/com.st.stm32cube.ide.mcu.externaltools.gnu-tools-for-stm32.11.3.rel1.win32_1.1.100.202309141235/tools/bin/../lib/gcc/arm-none-eabi/11.3.1/../../../../arm-none-eabi/lib/thumb/v7e-m+fp/hard\libc_nano.a(libc_a-lock.o)
                0x000000000800d7f6                __retarget_lock_acquire_recursive
 .text.__retarget_lock_release_recursive
                0x000000000800d7f8        0x2 C:/ST/STM32CubeIDE_1.14.1/STM32CubeIDE/plugins/com.st.stm32cube.ide.mcu.externaltools.gnu-tools-for-stm32.11.3.rel1.win32_1.1.100.202309141235/tools/bin/../lib/gcc/arm-none-eabi/11.3.1/../../../../arm-none-eabi/lib/thumb/v7e-m+fp/hard\libc_nano.a(libc_a-lock.o)
                0x000000000800d7f8                __retarget_lock_release_recursive
 *fill*         0x000000000800d7fa        0x2 
 .text._free_r  0x000000000800d7fc       0x98 C:/ST/STM32CubeIDE_1.14.1/STM32CubeIDE/plugins/com.st.stm32cube.ide.mcu.externaltools.gnu-tools-for-stm32.11.3.rel1.win32_1.1.100.202309141235/tools/bin/../lib/gcc/arm-none-eabi/11.3.1/../../../../arm-none-eabi/lib/thumb/v7e-m+fp/hard\libc_nano.a(libc_a-freer.o)
                0x000000000800d7fc                _free_r
 .text.__sfputc_r
                0x000000000800d894       0x2e C:/ST/STM32CubeIDE_1.14.1/STM32CubeIDE/plugins/com.st.stm32cube.ide.mcu.externaltools.gnu-tools-for-stm32.11.3.rel1.win32_1.1.100.202309141235/tools/bin/../lib/gcc/arm-none-eabi/11.3.1/../../../../arm-none-eabi/lib/thumb/v7e-m+fp/hard\libc_nano.a(libc_a-nano-vfprintf.o)
 .text.__sfputs_r
                0x000000000800d8c2       0x24 C:/ST/STM32CubeIDE_1.14.1/STM32CubeIDE/plugins/com.st.stm32cube.ide.mcu.externaltools.gnu-tools-for-stm32.11.3.rel1.win32_1.1.100.202309141235/tools/bin/../lib/gcc/arm-none-eabi/11.3.1/../../../../arm-none-eabi/lib/thumb/v7e-m+fp/hard\libc_nano.a(libc_a-nano-vfprintf.o)
                0x000000000800d8c2                __sfputs_r
 *fill*         0x000000000800d8e6        0x2 
 .text._vfprintf_r
                0x000000000800d8e8      0x234 C:/ST/STM32CubeIDE_1.14.1/STM32CubeIDE/plugins/com.st.stm32cube.ide.mcu.externaltools.gnu-tools-for-stm32.11.3.rel1.win32_1.1.100.202309141235/tools/bin/../lib/gcc/arm-none-eabi/11.3.1/../../../../arm-none-eabi/lib/thumb/v7e-m+fp/hard\libc_nano.a(libc_a-nano-vfprintf.o)
                0x000000000800d8e8                _vfprintf_r
                0x000000000800d8e8                _vfiprintf_r
 .text._printf_common
                0x000000000800db1c       0xda C:/ST/STM32CubeIDE_1.14.1/STM32CubeIDE/plugins/com.st.stm32cube.ide.mcu.externaltools.gnu-tools-for-stm32.11.3.rel1.win32_1.1.100.202309141235/tools/bin/../lib/gcc/arm-none-eabi/11.3.1/../../../../arm-none-eabi/lib/thumb/v7e-m+fp/hard\libc_nano.a(libc_a-nano-vfprintf_i.o)
                0x000000000800db1c                _printf_common
 *fill*         0x000000000800dbf6        0x2 
 .text._printf_i
                0x000000000800dbf8      0x244 C:/ST/STM32CubeIDE_1.14.1/STM32CubeIDE/plugins/com.st.stm32cube.ide.mcu.externaltools.gnu-tools-for-stm32.11.3.rel1.win32_1.1.100.202309141235/tools/bin/../lib/gcc/arm-none-eabi/11.3.1/../../../../arm-none-eabi/lib/thumb/v7e-m+fp/hard\libc_nano.a(libc_a-nano-vfprintf_i.o)
                0x000000000800dbf8                _printf_i
 .text.__sflush_r
                0x000000000800de3c      0x10c C:/ST/STM32CubeIDE_1.14.1/STM32CubeIDE/plugins/com.st.stm32cube.ide.mcu.externaltools.gnu-tools-for-stm32.11.3.rel1.win32_1.1.100.202309141235/tools/bin/../lib/gcc/arm-none-eabi/11.3.1/../../../../arm-none-eabi/lib/thumb/v7e-m+fp/hard\libc_nano.a(libc_a-fflush.o)
                0x000000000800de3c                __sflush_r
 .text._fflush_r
                0x000000000800df48       0x50 C:/ST/STM32CubeIDE_1.14.1/STM32CubeIDE/plugins/com.st.stm32cube.ide.mcu.externaltools.gnu-tools-for-stm32.11.3.rel1.win32_1.1.100.202309141235/tools/bin/../lib/gcc/arm-none-eabi/11.3.1/../../../../arm-none-eabi/lib/thumb/v7e-m+fp/hard\libc_nano.a(libc_a-fflush.o)
                0x000000000800df48                _fflush_r
 .text.__swbuf_r
                0x000000000800df98       0x7a C:/ST/STM32CubeIDE_1.14.1/STM32CubeIDE/plugins/com.st.stm32cube.ide.mcu.externaltools.gnu-tools-for-stm32.11.3.rel1.win32_1.1.100.202309141235/tools/bin/../lib/gcc/arm-none-eabi/11.3.1/../../../../arm-none-eabi/lib/thumb/v7e-m+fp/hard\libc_nano.a(libc_a-wbuf.o)
                0x000000000800df98                __swbuf_r
 *fill*         0x000000000800e012        0x2 
 .text.__swsetup_r
                0x000000000800e014       0xb0 C:/ST/STM32CubeIDE_1.14.1/STM32CubeIDE/plugins/com.st.stm32cube.ide.mcu.externaltools.gnu-tools-for-stm32.11.3.rel1.win32_1.1.100.202309141235/tools/bin/../lib/gcc/arm-none-eabi/11.3.1/../../../../arm-none-eabi/lib/thumb/v7e-m+fp/hard\libc_nano.a(libc_a-wsetup.o)
                0x000000000800e014                __swsetup_r
 .text.__swhatbuf_r
                0x000000000800e0c4       0x4c C:/ST/STM32CubeIDE_1.14.1/STM32CubeIDE/plugins/com.st.stm32cube.ide.mcu.externaltools.gnu-tools-for-stm32.11.3.rel1.win32_1.1.100.202309141235/tools/bin/../lib/gcc/arm-none-eabi/11.3.1/../../../../arm-none-eabi/lib/thumb/v7e-m+fp/hard\libc_nano.a(libc_a-makebuf.o)
                0x000000000800e0c4                __swhatbuf_r
 .text.__smakebuf_r
                0x000000000800e110       0x78 C:/ST/STM32CubeIDE_1.14.1/STM32CubeIDE/plugins/com.st.stm32cube.ide.mcu.externaltools.gnu-tools-for-stm32.11.3.rel1.win32_1.1.100.202309141235/tools/bin/../lib/gcc/arm-none-eabi/11.3.1/../../../../arm-none-eabi/lib/thumb/v7e-m+fp/hard\libc_nano.a(libc_a-makebuf.o)
                0x000000000800e110                __smakebuf_r
 .text._fstat_r
                0x000000000800e188       0x24 C:/ST/STM32CubeIDE_1.14.1/STM32CubeIDE/plugins/com.st.stm32cube.ide.mcu.externaltools.gnu-tools-for-stm32.11.3.rel1.win32_1.1.100.202309141235/tools/bin/../lib/gcc/arm-none-eabi/11.3.1/../../../../arm-none-eabi/lib/thumb/v7e-m+fp/hard\libc_nano.a(libc_a-fstatr.o)
                0x000000000800e188                _fstat_r
 .text._isatty_r
                0x000000000800e1ac       0x20 C:/ST/STM32CubeIDE_1.14.1/STM32CubeIDE/plugins/com.st.stm32cube.ide.mcu.externaltools.gnu-tools-for-stm32.11.3.rel1.win32_1.1.100.202309141235/tools/bin/../lib/gcc/arm-none-eabi/11.3.1/../../../../arm-none-eabi/lib/thumb/v7e-m+fp/hard\libc_nano.a(libc_a-isattyr.o)
                0x000000000800e1ac                _isatty_r
 *(.glue_7)
 .glue_7        0x000000000800e1cc        0x0 linker stubs
 *(.glue_7t)
 .glue_7t       0x000000000800e1cc        0x0 linker stubs
 *(.eh_frame)
 .eh_frame      0x000000000800e1cc        0x0 C:/ST/STM32CubeIDE_1.14.1/STM32CubeIDE/plugins/com.st.stm32cube.ide.mcu.externaltools.gnu-tools-for-stm32.11.3.rel1.win32_1.1.100.202309141235/tools/bin/../lib/gcc/arm-none-eabi/11.3.1/thumb/v7e-m+fp/hard/crtbegin.o
 *(.init)
 .init          0x000000000800e1cc        0x4 C:/ST/STM32CubeIDE_1.14.1/STM32CubeIDE/plugins/com.st.stm32cube.ide.mcu.externaltools.gnu-tools-for-stm32.11.3.rel1.win32_1.1.100.202309141235/tools/bin/../lib/gcc/arm-none-eabi/11.3.1/thumb/v7e-m+fp/hard/crti.o
                0x000000000800e1cc                _init
 .init          0x000000000800e1d0        0x8 C:/ST/STM32CubeIDE_1.14.1/STM32CubeIDE/plugins/com.st.stm32cube.ide.mcu.externaltools.gnu-tools-for-stm32.11.3.rel1.win32_1.1.100.202309141235/tools/bin/../lib/gcc/arm-none-eabi/11.3.1/thumb/v7e-m+fp/hard/crtn.o
 *(.fini)
 .fini          0x000000000800e1d8        0x4 C:/ST/STM32CubeIDE_1.14.1/STM32CubeIDE/plugins/com.st.stm32cube.ide.mcu.externaltools.gnu-tools-for-stm32.11.3.rel1.win32_1.1.100.202309141235/tools/bin/../lib/gcc/arm-none-eabi/11.3.1/thumb/v7e-m+fp/hard/crti.o
                0x000000000800e1d8                _fini
 .fini          0x000000000800e1dc        0x8 C:/ST/STM32CubeIDE_1.14.1/STM32CubeIDE/plugins/com.st.stm32cube.ide.mcu.externaltools.gnu-tools-for-stm32.11.3.rel1.win32_1.1.100.202309141235/tools/bin/../lib/gcc/arm-none-eabi/11.3.1/thumb/v7e-m+fp/hard/crtn.o
                0x000000000800e1e4                . = ALIGN (0x4)
                0x000000000800e1e4                _etext = .

.vfp11_veneer   0x000000000800e1e4        0x0
 .vfp11_veneer  0x000000000800e1e4        0x0 linker stubs

.v4_bx          0x000000000800e1e4        0x0
 .v4_bx         0x000000000800e1e4        0x0 linker stubs

.iplt           0x000000000800e1e4        0x0
 .iplt          0x000000000800e1e4        0x0 C:/ST/STM32CubeIDE_1.14.1/STM32CubeIDE/plugins/com.st.stm32cube.ide.mcu.externaltools.gnu-tools-for-stm32.11.3.rel1.win32_1.1.100.202309141235/tools/bin/../lib/gcc/arm-none-eabi/11.3.1/thumb/v7e-m+fp/hard/crtbegin.o

.rodata         0x000000000800e1e4       0xec
                0x000000000800e1e4                . = ALIGN (0x4)
 *(.rodata)
 .rodata        0x000000000800e1e4       0x21 ./Core/Src/main.o
 *fill*         0x000000000800e205        0x3 
 .rodata        0x000000000800e208        0x4 ./Middlewares/ST/STM32_USB_Host_Library/Class/CDC/Src/usbh_cdc.o
 *(.rodata*)
 .rodata.AHBPrescTable
                0x000000000800e20c       0x10 ./Core/Src/system_stm32l4xx.o
                0x000000000800e20c                AHBPrescTable
 .rodata.APBPrescTable
                0x000000000800e21c        0x8 ./Core/Src/system_stm32l4xx.o
                0x000000000800e21c                APBPrescTable
 .rodata.MSIRangeTable
                0x000000000800e224       0x30 ./Core/Src/system_stm32l4xx.o
                0x000000000800e224                MSIRangeTable
 .rodata.CapLetterMap
                0x000000000800e254       0x34 ./Drivers/BSP/STM32L476G-Discovery/stm32l476g_discovery_glass_lcd.o
                0x000000000800e254                CapLetterMap
 .rodata.NumberMap
                0x000000000800e288       0x14 ./Drivers/BSP/STM32L476G-Discovery/stm32l476g_discovery_glass_lcd.o
                0x000000000800e288                NumberMap
 .rodata._vfprintf_r.str1.1
                0x000000000800e29c       0x11 C:/ST/STM32CubeIDE_1.14.1/STM32CubeIDE/plugins/com.st.stm32cube.ide.mcu.externaltools.gnu-tools-for-stm32.11.3.rel1.win32_1.1.100.202309141235/tools/bin/../lib/gcc/arm-none-eabi/11.3.1/../../../../arm-none-eabi/lib/thumb/v7e-m+fp/hard\libc_nano.a(libc_a-nano-vfprintf.o)
 .rodata._printf_i.str1.1
                0x000000000800e2ad       0x22 C:/ST/STM32CubeIDE_1.14.1/STM32CubeIDE/plugins/com.st.stm32cube.ide.mcu.externaltools.gnu-tools-for-stm32.11.3.rel1.win32_1.1.100.202309141235/tools/bin/../lib/gcc/arm-none-eabi/11.3.1/../../../../arm-none-eabi/lib/thumb/v7e-m+fp/hard\libc_nano.a(libc_a-nano-vfprintf_i.o)
                0x000000000800e2d0                . = ALIGN (0x4)
 *fill*         0x000000000800e2cf        0x1 

.ARM.extab      0x000000000800e2d0        0x0
                0x000000000800e2d0                . = ALIGN (0x4)
 *(.ARM.extab* .gnu.linkonce.armextab.*)
                0x000000000800e2d0                . = ALIGN (0x4)

.ARM            0x000000000800e2d0        0x8
                0x000000000800e2d0                . = ALIGN (0x4)
                0x000000000800e2d0                __exidx_start = .
 *(.ARM.exidx*)
 .ARM.exidx     0x000000000800e2d0        0x8 C:/ST/STM32CubeIDE_1.14.1/STM32CubeIDE/plugins/com.st.stm32cube.ide.mcu.externaltools.gnu-tools-for-stm32.11.3.rel1.win32_1.1.100.202309141235/tools/bin/../lib/gcc/arm-none-eabi/11.3.1/thumb/v7e-m+fp/hard\libgcc.a(_udivmoddi4.o)
                0x000000000800e2d8                __exidx_end = .
                0x000000000800e2d8                . = ALIGN (0x4)

.rel.dyn        0x000000000800e2d8        0x0
 .rel.iplt      0x000000000800e2d8        0x0 C:/ST/STM32CubeIDE_1.14.1/STM32CubeIDE/plugins/com.st.stm32cube.ide.mcu.externaltools.gnu-tools-for-stm32.11.3.rel1.win32_1.1.100.202309141235/tools/bin/../lib/gcc/arm-none-eabi/11.3.1/thumb/v7e-m+fp/hard/crtbegin.o

.preinit_array  0x000000000800e2d8        0x0
                0x000000000800e2d8                . = ALIGN (0x4)
                0x000000000800e2d8                PROVIDE (__preinit_array_start = .)
 *(.preinit_array*)
                0x000000000800e2d8                PROVIDE (__preinit_array_end = .)
                0x000000000800e2d8                . = ALIGN (0x4)

.init_array     0x000000000800e2d8        0x4
                0x000000000800e2d8                . = ALIGN (0x4)
                0x000000000800e2d8                PROVIDE (__init_array_start = .)
 *(SORT_BY_NAME(.init_array.*))
 *(.init_array*)
 .init_array    0x000000000800e2d8        0x4 C:/ST/STM32CubeIDE_1.14.1/STM32CubeIDE/plugins/com.st.stm32cube.ide.mcu.externaltools.gnu-tools-for-stm32.11.3.rel1.win32_1.1.100.202309141235/tools/bin/../lib/gcc/arm-none-eabi/11.3.1/thumb/v7e-m+fp/hard/crtbegin.o
                0x000000000800e2dc                PROVIDE (__init_array_end = .)
                0x000000000800e2dc                . = ALIGN (0x4)

.fini_array     0x000000000800e2dc        0x4
                0x000000000800e2dc                . = ALIGN (0x4)
                [!provide]                        PROVIDE (__fini_array_start = .)
 *(SORT_BY_NAME(.fini_array.*))
 *(.fini_array*)
 .fini_array    0x000000000800e2dc        0x4 C:/ST/STM32CubeIDE_1.14.1/STM32CubeIDE/plugins/com.st.stm32cube.ide.mcu.externaltools.gnu-tools-for-stm32.11.3.rel1.win32_1.1.100.202309141235/tools/bin/../lib/gcc/arm-none-eabi/11.3.1/thumb/v7e-m+fp/hard/crtbegin.o
                [!provide]                        PROVIDE (__fini_array_end = .)
                0x000000000800e2e0                . = ALIGN (0x4)
                0x000000000800e2e0                _sidata = LOADADDR (.data)

.data           0x0000000020000000       0x88 load address 0x000000000800e2e0
                0x0000000020000000                . = ALIGN (0x4)
                0x0000000020000000                _sdata = .
 *(.data)
 *(.data*)
 .data.SystemCoreClock
                0x0000000020000000        0x4 ./Core/Src/system_stm32l4xx.o
                0x0000000020000000                SystemCoreClock
 .data.uwTickPrio
                0x0000000020000004        0x4 ./Drivers/STM32L4xx_HAL_Driver/Src/stm32l4xx_hal.o
                0x0000000020000004                uwTickPrio
 .data.uwTickFreq
                0x0000000020000008        0x1 ./Drivers/STM32L4xx_HAL_Driver/Src/stm32l4xx_hal.o
                0x0000000020000008                uwTickFreq
 *fill*         0x0000000020000009        0x3 
 .data.CDC_Class
                0x000000002000000c       0x20 ./Middlewares/ST/STM32_USB_Host_Library/Class/CDC/Src/usbh_cdc.o
                0x000000002000000c                CDC_Class
 .data.__sglue  0x000000002000002c        0xc C:/ST/STM32CubeIDE_1.14.1/STM32CubeIDE/plugins/com.st.stm32cube.ide.mcu.externaltools.gnu-tools-for-stm32.11.3.rel1.win32_1.1.100.202309141235/tools/bin/../lib/gcc/arm-none-eabi/11.3.1/../../../../arm-none-eabi/lib/thumb/v7e-m+fp/hard\libc_nano.a(libc_a-findfp.o)
                0x000000002000002c                __sglue
 .data._impure_data
                0x0000000020000038       0x4c C:/ST/STM32CubeIDE_1.14.1/STM32CubeIDE/plugins/com.st.stm32cube.ide.mcu.externaltools.gnu-tools-for-stm32.11.3.rel1.win32_1.1.100.202309141235/tools/bin/../lib/gcc/arm-none-eabi/11.3.1/../../../../arm-none-eabi/lib/thumb/v7e-m+fp/hard\libc_nano.a(libc_a-impure.o)
                0x0000000020000038                _impure_data
 .data._impure_ptr
                0x0000000020000084        0x4 C:/ST/STM32CubeIDE_1.14.1/STM32CubeIDE/plugins/com.st.stm32cube.ide.mcu.externaltools.gnu-tools-for-stm32.11.3.rel1.win32_1.1.100.202309141235/tools/bin/../lib/gcc/arm-none-eabi/11.3.1/../../../../arm-none-eabi/lib/thumb/v7e-m+fp/hard\libc_nano.a(libc_a-impure.o)
                0x0000000020000084                _impure_ptr
 *(.RamFunc)
 *(.RamFunc*)
                0x0000000020000088                . = ALIGN (0x4)
                0x0000000020000088                _edata = .

.igot.plt       0x0000000020000088        0x0 load address 0x000000000800e368
 .igot.plt      0x0000000020000088        0x0 C:/ST/STM32CubeIDE_1.14.1/STM32CubeIDE/plugins/com.st.stm32cube.ide.mcu.externaltools.gnu-tools-for-stm32.11.3.rel1.win32_1.1.100.202309141235/tools/bin/../lib/gcc/arm-none-eabi/11.3.1/thumb/v7e-m+fp/hard/crtbegin.o
                0x0000000020000088                . = ALIGN (0x4)

.bss            0x0000000020000088      0xd10 load address 0x000000000800e368
                0x0000000020000088                _sbss = .
                0x0000000020000088                __bss_start__ = _sbss
 *(.bss)
 .bss           0x0000000020000088       0x1c C:/ST/STM32CubeIDE_1.14.1/STM32CubeIDE/plugins/com.st.stm32cube.ide.mcu.externaltools.gnu-tools-for-stm32.11.3.rel1.win32_1.1.100.202309141235/tools/bin/../lib/gcc/arm-none-eabi/11.3.1/thumb/v7e-m+fp/hard/crtbegin.o
 *(.bss*)
 .bss.hadc1     0x00000000200000a4       0x64 ./Core/Src/main.o
                0x00000000200000a4                hadc1
 .bss.hadc3     0x0000000020000108       0x64 ./Core/Src/main.o
                0x0000000020000108                hadc3
 .bss.hdma_adc1
                0x000000002000016c       0x48 ./Core/Src/main.o
                0x000000002000016c                hdma_adc1
 .bss.hi2c1     0x00000000200001b4       0x54 ./Core/Src/main.o
                0x00000000200001b4                hi2c1
 .bss.hi2c2     0x0000000020000208       0x54 ./Core/Src/main.o
                0x0000000020000208                hi2c2
 .bss.hlcd      0x000000002000025c       0x3c ./Core/Src/main.o
                0x000000002000025c                hlcd
 .bss.hqspi     0x0000000020000298       0x44 ./Core/Src/main.o
                0x0000000020000298                hqspi
 .bss.hsai_BlockA1
                0x00000000200002dc       0x84 ./Core/Src/main.o
                0x00000000200002dc                hsai_BlockA1
 .bss.hsai_BlockB1
                0x0000000020000360       0x84 ./Core/Src/main.o
                0x0000000020000360                hsai_BlockB1
 .bss.hspi2     0x00000000200003e4       0x64 ./Core/Src/main.o
                0x00000000200003e4                hspi2
 .bss.huart2    0x0000000020000448       0x88 ./Core/Src/main.o
                0x0000000020000448                huart2
 .bss.HAL_RCC_ADC_CLK_ENABLED
                0x00000000200004d0        0x4 ./Core/Src/stm32l4xx_hal_msp.o
 .bss.SAI1_client
                0x00000000200004d4        0x4 ./Core/Src/stm32l4xx_hal_msp.o
 .bss.__sbrk_heap_end
                0x00000000200004d8        0x4 ./Core/Src/sysmem.o
 .bss.LCDHandle
                0x00000000200004dc       0x3c ./Drivers/BSP/STM32L476G-Discovery/stm32l476g_discovery_glass_lcd.o
                0x00000000200004dc                LCDHandle
 .bss.Digit     0x0000000020000518       0x10 ./Drivers/BSP/STM32L476G-Discovery/stm32l476g_discovery_glass_lcd.o
                0x0000000020000518                Digit
 .bss.uwTick    0x0000000020000528        0x4 ./Drivers/STM32L4xx_HAL_Driver/Src/stm32l4xx_hal.o
                0x0000000020000528                uwTick
 .bss.hUsbHostFS
                0x000000002000052c      0x3d8 ./USB_HOST/App/usb_host.o
                0x000000002000052c                hUsbHostFS
 .bss.Appli_state
                0x0000000020000904        0x1 ./USB_HOST/App/usb_host.o
                0x0000000020000904                Appli_state
 *fill*         0x0000000020000905        0x3 
 .bss.hhcd_USB_OTG_FS
                0x0000000020000908      0x344 ./USB_HOST/Target/usbh_conf.o
                0x0000000020000908                hhcd_USB_OTG_FS
 .bss.__malloc_free_list
                0x0000000020000c4c        0x4 C:/ST/STM32CubeIDE_1.14.1/STM32CubeIDE/plugins/com.st.stm32cube.ide.mcu.externaltools.gnu-tools-for-stm32.11.3.rel1.win32_1.1.100.202309141235/tools/bin/../lib/gcc/arm-none-eabi/11.3.1/../../../../arm-none-eabi/lib/thumb/v7e-m+fp/hard\libc_nano.a(libc_a-mallocr.o)
                0x0000000020000c4c                __malloc_free_list
 .bss.__malloc_sbrk_start
                0x0000000020000c50        0x4 C:/ST/STM32CubeIDE_1.14.1/STM32CubeIDE/plugins/com.st.stm32cube.ide.mcu.externaltools.gnu-tools-for-stm32.11.3.rel1.win32_1.1.100.202309141235/tools/bin/../lib/gcc/arm-none-eabi/11.3.1/../../../../arm-none-eabi/lib/thumb/v7e-m+fp/hard\libc_nano.a(libc_a-mallocr.o)
                0x0000000020000c50                __malloc_sbrk_start
 .bss.__sf      0x0000000020000c54      0x138 C:/ST/STM32CubeIDE_1.14.1/STM32CubeIDE/plugins/com.st.stm32cube.ide.mcu.externaltools.gnu-tools-for-stm32.11.3.rel1.win32_1.1.100.202309141235/tools/bin/../lib/gcc/arm-none-eabi/11.3.1/../../../../arm-none-eabi/lib/thumb/v7e-m+fp/hard\libc_nano.a(libc_a-findfp.o)
                0x0000000020000c54                __sf
 .bss.__stdio_exit_handler
                0x0000000020000d8c        0x4 C:/ST/STM32CubeIDE_1.14.1/STM32CubeIDE/plugins/com.st.stm32cube.ide.mcu.externaltools.gnu-tools-for-stm32.11.3.rel1.win32_1.1.100.202309141235/tools/bin/../lib/gcc/arm-none-eabi/11.3.1/../../../../arm-none-eabi/lib/thumb/v7e-m+fp/hard\libc_nano.a(libc_a-findfp.o)
                0x0000000020000d8c                __stdio_exit_handler
 .bss.errno     0x0000000020000d90        0x4 C:/ST/STM32CubeIDE_1.14.1/STM32CubeIDE/plugins/com.st.stm32cube.ide.mcu.externaltools.gnu-tools-for-stm32.11.3.rel1.win32_1.1.100.202309141235/tools/bin/../lib/gcc/arm-none-eabi/11.3.1/../../../../arm-none-eabi/lib/thumb/v7e-m+fp/hard\libc_nano.a(libc_a-reent.o)
                0x0000000020000d90                errno
 .bss.__lock___malloc_recursive_mutex
                0x0000000020000d94        0x1 C:/ST/STM32CubeIDE_1.14.1/STM32CubeIDE/plugins/com.st.stm32cube.ide.mcu.externaltools.gnu-tools-for-stm32.11.3.rel1.win32_1.1.100.202309141235/tools/bin/../lib/gcc/arm-none-eabi/11.3.1/../../../../arm-none-eabi/lib/thumb/v7e-m+fp/hard\libc_nano.a(libc_a-lock.o)
                0x0000000020000d94                __lock___malloc_recursive_mutex
 .bss.__lock___sfp_recursive_mutex
                0x0000000020000d95        0x1 C:/ST/STM32CubeIDE_1.14.1/STM32CubeIDE/plugins/com.st.stm32cube.ide.mcu.externaltools.gnu-tools-for-stm32.11.3.rel1.win32_1.1.100.202309141235/tools/bin/../lib/gcc/arm-none-eabi/11.3.1/../../../../arm-none-eabi/lib/thumb/v7e-m+fp/hard\libc_nano.a(libc_a-lock.o)
                0x0000000020000d95                __lock___sfp_recursive_mutex
 *(COMMON)
                0x0000000020000d98                . = ALIGN (0x4)
 *fill*         0x0000000020000d96        0x2 
                0x0000000020000d98                _ebss = .
                0x0000000020000d98                __bss_end__ = _ebss

._user_heap_stack
                0x0000000020000d98      0x600 load address 0x000000000800e368
                0x0000000020000d98                . = ALIGN (0x8)
                [!provide]                        PROVIDE (end = .)
                0x0000000020000d98                PROVIDE (_end = .)
                0x0000000020000f98                . = (. + _Min_Heap_Size)
 *fill*         0x0000000020000d98      0x200 
                0x0000000020001398                . = (. + _Min_Stack_Size)
 *fill*         0x0000000020000f98      0x400 