../Drivers/BSP/STM32L476G-Discovery/stm32l476g_discovery_glass_lcd.c:155:6:BSP_LCD_GLASS_Init	8	static
../Drivers/BSP/STM32L476G-Discovery/stm32l476g_discovery_glass_lcd.c:186:6:BSP_LCD_GLASS_DeInit	8	static
../Drivers/BSP/STM32L476G-Discovery/stm32l476g_discovery_glass_lcd.c:215:6:BSP_LCD_GLASS_BlinkConfig	16	static
../Drivers/BSP/STM32L476G-Discovery/stm32l476g_discovery_glass_lcd.c:234:6:BSP_LCD_GLASS_Contrast	16	static
../Drivers/BSP/STM32L476G-Discovery/stm32l476g_discovery_glass_lcd.c:249:6:BSP_LCD_GLASS_DisplayBar	24	static
../Drivers/BSP/STM32L476G-Discovery/stm32l476g_discovery_glass_lcd.c:303:6:BSP_LCD_GLASS_ClearBar	24	static
../Drivers/BSP/STM32L476G-Discovery/stm32l476g_discovery_glass_lcd.c:358:6:BSP_LCD_GLASS_BarLevelConfig	16	static
../Drivers/BSP/STM32L476G-Discovery/stm32l476g_discovery_glass_lcd.c:433:6:BSP_LCD_GLASS_DisplayChar	16	static
../Drivers/BSP/STM32L476G-Discovery/stm32l476g_discovery_glass_lcd.c:446:6:BSP_LCD_GLASS_DisplayString	24	static
../Drivers/BSP/STM32L476G-Discovery/stm32l476g_discovery_glass_lcd.c:472:6:BSP_LCD_GLASS_DisplayStrDeci	24	static
../Drivers/BSP/STM32L476G-Discovery/stm32l476g_discovery_glass_lcd.c:509:6:BSP_LCD_GLASS_Clear	8	static
../Drivers/BSP/STM32L476G-Discovery/stm32l476g_discovery_glass_lcd.c:524:6:BSP_LCD_GLASS_ScrollSentence	32	static
../Drivers/BSP/STM32L476G-Discovery/stm32l476g_discovery_glass_lcd.c:584:13:LCD_MspInit	264	static
../Drivers/BSP/STM32L476G-Discovery/stm32l476g_discovery_glass_lcd.c:650:13:LCD_MspDeInit	40	static
../Drivers/BSP/STM32L476G-Discovery/stm32l476g_discovery_glass_lcd.c:692:13:Convert	24	static
../Drivers/BSP/STM32L476G-Discovery/stm32l476g_discovery_glass_lcd.c:809:13:WriteChar	24	static
