../Drivers/BSP/STM32L476G-Discovery/stm32l476g_discovery.c:274:10:BSP_GetVersion	4	static
../Drivers/BSP/STM32L476G-Discovery/stm32l476g_discovery.c:286:20:BSP_SupplyModeDetection	40	static
../Drivers/BSP/STM32L476G-Discovery/stm32l476g_discovery.c:334:6:BSP_LED_Init	48	static
../Drivers/BSP/STM32L476G-Discovery/stm32l476g_discovery.c:371:6:BSP_LED_DeInit	24	static
../Drivers/BSP/STM32L476G-Discovery/stm32l476g_discovery.c:398:6:BSP_LED_On	16	static
../Drivers/BSP/STM32L476G-Discovery/stm32l476g_discovery.c:422:6:BSP_LED_Off	16	static
../Drivers/BSP/STM32L476G-Discovery/stm32l476g_discovery.c:446:6:BSP_LED_Toggle	16	static
../Drivers/BSP/STM32L476G-Discovery/stm32l476g_discovery.c:460:9:BSP_JOY_Init	64	static
../Drivers/BSP/STM32L476G-Discovery/stm32l476g_discovery.c:500:6:BSP_JOY_DeInit	32	static
../Drivers/BSP/STM32L476G-Discovery/stm32l476g_discovery.c:525:18:BSP_JOY_GetState	16	static
../Drivers/BSP/STM32L476G-Discovery/stm32l476g_discovery.c:559:13:SPIx_Init	8	static
../Drivers/BSP/STM32L476G-Discovery/stm32l476g_discovery.c:592:13:SPIx_MspInit	48	static
../Drivers/BSP/STM32L476G-Discovery/stm32l476g_discovery.c:615:6:SPIx_DeInit	8	static
../Drivers/BSP/STM32L476G-Discovery/stm32l476g_discovery.c:629:13:SPIx_MspDeInit	16	static
../Drivers/BSP/STM32L476G-Discovery/stm32l476g_discovery.c:650:16:SPIx_WriteRead	24	static
../Drivers/BSP/STM32L476G-Discovery/stm32l476g_discovery.c:680:13:SPIx_Write	16	static
../Drivers/BSP/STM32L476G-Discovery/stm32l476g_discovery.c:704:16:SPIx_Read	16	static,ignoring_inline_asm
../Drivers/BSP/STM32L476G-Discovery/stm32l476g_discovery.c:738:13:I2C1_Init	8	static
../Drivers/BSP/STM32L476G-Discovery/stm32l476g_discovery.c:762:13:I2C1_MspInit	192	static
../Drivers/BSP/STM32L476G-Discovery/stm32l476g_discovery.c:813:13:I2C1_DeInit	8	static
../Drivers/BSP/STM32L476G-Discovery/stm32l476g_discovery.c:828:13:I2C1_MspDeInit	32	static
../Drivers/BSP/STM32L476G-Discovery/stm32l476g_discovery.c:866:26:I2C1_WriteBuffer	48	static
../Drivers/BSP/STM32L476G-Discovery/stm32l476g_discovery.c:890:26:I2C1_ReadBuffer	48	static
../Drivers/BSP/STM32L476G-Discovery/stm32l476g_discovery.c:909:13:I2C1_Error	8	static
../Drivers/BSP/STM32L476G-Discovery/stm32l476g_discovery.c:922:13:I2C2_Init	8	static
../Drivers/BSP/STM32L476G-Discovery/stm32l476g_discovery.c:946:13:I2C2_MspInit	184	static
../Drivers/BSP/STM32L476G-Discovery/stm32l476g_discovery.c:993:13:I2C2_DeInit	8	static
../Drivers/BSP/STM32L476G-Discovery/stm32l476g_discovery.c:1008:13:I2C2_MspDeInit	24	static
../Drivers/BSP/STM32L476G-Discovery/stm32l476g_discovery.c:1042:13:I2C2_WriteData	48	static
../Drivers/BSP/STM32L476G-Discovery/stm32l476g_discovery.c:1065:26:I2C2_WriteBuffer	48	static
../Drivers/BSP/STM32L476G-Discovery/stm32l476g_discovery.c:1088:16:I2C2_ReadData	40	static
../Drivers/BSP/STM32L476G-Discovery/stm32l476g_discovery.c:1114:26:I2C2_ReadBuffer	48	static
../Drivers/BSP/STM32L476G-Discovery/stm32l476g_discovery.c:1134:13:I2C2_Error	8	static
../Drivers/BSP/STM32L476G-Discovery/stm32l476g_discovery.c:1154:6:ACCELERO_IO_Init	32	static
../Drivers/BSP/STM32L476G-Discovery/stm32l476g_discovery.c:1176:6:ACCELERO_IO_DeInit	32	static
../Drivers/BSP/STM32L476G-Discovery/stm32l476g_discovery.c:1199:6:ACCELERO_IO_ITConfig	4	static
../Drivers/BSP/STM32L476G-Discovery/stm32l476g_discovery.c:1209:6:ACCELERO_IO_Write	16	static
../Drivers/BSP/STM32L476G-Discovery/stm32l476g_discovery.c:1224:9:ACCELERO_IO_Read	24	static
../Drivers/BSP/STM32L476G-Discovery/stm32l476g_discovery.c:1241:6:MAGNETO_IO_Init	32	static
../Drivers/BSP/STM32L476G-Discovery/stm32l476g_discovery.c:1263:6:MAGNETO_IO_DeInit	32	static
../Drivers/BSP/STM32L476G-Discovery/stm32l476g_discovery.c:1291:6:MAGNETO_IO_Write	16	static
../Drivers/BSP/STM32L476G-Discovery/stm32l476g_discovery.c:1306:9:MAGNETO_IO_Read	24	static
../Drivers/BSP/STM32L476G-Discovery/stm32l476g_discovery.c:1322:6:GYRO_IO_Init	48	static
../Drivers/BSP/STM32L476G-Discovery/stm32l476g_discovery.c:1386:6:GYRO_IO_DeInit	40	static
../Drivers/BSP/STM32L476G-Discovery/stm32l476g_discovery.c:1419:6:GYRO_IO_Write	16	static
../Drivers/BSP/STM32L476G-Discovery/stm32l476g_discovery.c:1455:6:GYRO_IO_Read	16	static
../Drivers/BSP/STM32L476G-Discovery/stm32l476g_discovery.c:1491:6:MFX_IO_Init	8	static
../Drivers/BSP/STM32L476G-Discovery/stm32l476g_discovery.c:1500:6:MFX_IO_DeInit	40	static
../Drivers/BSP/STM32L476G-Discovery/stm32l476g_discovery.c:1527:6:MFX_IO_ITConfig	32	static
../Drivers/BSP/STM32L476G-Discovery/stm32l476g_discovery.c:1550:6:MFX_IO_EnableWakeupPin	32	static
../Drivers/BSP/STM32L476G-Discovery/stm32l476g_discovery.c:1569:6:MFX_IO_Wakeup	8	static
../Drivers/BSP/STM32L476G-Discovery/stm32l476g_discovery.c:1588:6:MFX_IO_Write	16	static
../Drivers/BSP/STM32L476G-Discovery/stm32l476g_discovery.c:1599:9:MFX_IO_Read	16	static
../Drivers/BSP/STM32L476G-Discovery/stm32l476g_discovery.c:1612:10:MFX_IO_ReadMultiple	32	static
../Drivers/BSP/STM32L476G-Discovery/stm32l476g_discovery.c:1625:6:MFX_IO_WriteMultiple	32	static
../Drivers/BSP/STM32L476G-Discovery/stm32l476g_discovery.c:1635:6:MFX_IO_Delay	16	static
../Drivers/BSP/STM32L476G-Discovery/stm32l476g_discovery.c:1646:6:AUDIO_IO_Init	32	static
../Drivers/BSP/STM32L476G-Discovery/stm32l476g_discovery.c:1680:6:AUDIO_IO_DeInit	32	static
../Drivers/BSP/STM32L476G-Discovery/stm32l476g_discovery.c:1711:6:AUDIO_IO_Write	24	static
../Drivers/BSP/STM32L476G-Discovery/stm32l476g_discovery.c:1722:9:AUDIO_IO_Read	32	static
../Drivers/BSP/STM32L476G-Discovery/stm32l476g_discovery.c:1736:6:AUDIO_IO_Delay	16	static
